Component: Arm Compiler for Embedded 6.22 Tool: armlink [5ee90200]

==============================================================================

Section Cross References

    main.o(.text) refers to system_gd32f1x0.o(.text) for SystemCoreClockUpdate
    main.o(.text) refers to system_gd32f1x0.o(.data.SystemCoreClock) for SystemCoreClock
    main.o(.text) refers to setup.o(.text) for Watchdog_init
    main.o(.text) refers to gd32f1x0_gpio.o(.text) for gpio_bit_write
    main.o(.text) refers to gd32f1x0_fwdgt.o(.text) for fwdgt_counter_reload
    main.o(.text) refers to bldc.o(.bss.buzzerFreq) for buzzerFreq
    main.o(.text) refers to it.o(.text) for Delay
    main.o(.text) refers to main.o(.bss.iTimeNextLoop) for iTimeNextLoop
    main.o(.text) refers to main.o(.bss.pwmSlave) for pwmSlave
    main.o(.text) refers to main.o(.bss.enable) for enable
    main.o(.text) refers to main.o(.bss.steerCounter) for steerCounter
    main.o(.text) refers to remoteuartbus.o(.text) for RemoteUpdate
    main.o(.text) refers to main.o(.bss.speed) for speed
    main.o(.text) refers to fflti.o(.text) for __aeabi_i2f
    main.o(.text) refers to f2d.o(.text) for __aeabi_f2d
    main.o(.text) refers to dmul.o(.text) for __aeabi_dmul
    main.o(.text) refers to ddiv.o(.text) for __aeabi_ddiv
    main.o(.text) refers to dadd.o(.text) for __aeabi_dadd
    main.o(.text) refers to d2f.o(.text) for __aeabi_d2f
    main.o(.text) refers to main.o(.data.speedLimit) for speedLimit
    main.o(.text) refers to main.o(.bss.steer) for steer
    main.o(.text) refers to fmul.o(.text) for __aeabi_fmul
    main.o(.text) refers to ffixi.o(.text) for __aeabi_f2iz
    main.o(.text) refers to fadd.o(.text) for __aeabi_fsub
    main.o(.text) refers to fdiv.o(.text) for __aeabi_fdiv
    main.o(.text) refers to main.o(.rodata.lookUpTableAngle) for lookUpTableAngle
    main.o(.text) refers to fcmplt.o(.text) for __aeabi_fcmplt
    main.o(.text) refers to bldc.o(.text) for SetPWM
    main.o(.text) refers to it.o(.bss.timedOut) for timedOut
    main.o(.text) refers to main.o(.data.wStateSlave) for wStateSlave
    main.o(.text) refers to commsmasterslave.o(.text) for SendSlave
    main.o(.text) refers to bldc.o(.data.batteryVoltage) for batteryVoltage
    main.o(.text) refers to fcmple.o(.text) for __aeabi_fcmple
    main.o(.text) refers to main.o(.data.wState) for wState
    main.o(.text) refers to main.o(.data.beepsBackwards) for beepsBackwards
    main.o(.text) refers to dcmple.o(.text) for __aeabi_dcmple
    main.o(.text) refers to fcmpge.o(.text) for __aeabi_fcmpge
    main.o(.text) refers to dcmpge.o(.text) for __aeabi_dcmpge
    main.o(.text) refers to bldc.o(.bss.buzzerPattern) for buzzerPattern
    main.o(.text) refers to main.o(.bss.inactivity_timeout_counter) for inactivity_timeout_counter
    main.o(.text) refers to gd32f1x0_usart.o(.text) for usart_deinit
    main.o(.ARM.exidx) refers to main.o(.text) for [Anonymous Symbol]
    bldc.o(.text) refers to bldc.o(.rodata..L__const.up_or_down.up_down) for .L__const.up_or_down.up_down
    bldc.o(.text) refers to bldc.o(.bss.bldc_enable) for bldc_enable
    bldc.o(.text) refers to dflti.o(.text) for __aeabi_i2d
    bldc.o(.text) refers to dmul.o(.text) for __aeabi_dmul
    bldc.o(.text) refers to dcmplt.o(.text) for __aeabi_dcmplt
    bldc.o(.text) refers to dfixi.o(.text) for __aeabi_d2iz
    bldc.o(.text) refers to bldc.o(.bss.bldc_inputFilterPwm) for bldc_inputFilterPwm
    bldc.o(.text) refers to bldc.o(.bss.offsetcount) for offsetcount
    bldc.o(.text) refers to bldc.o(.bss.adc_buffer) for adc_buffer
    bldc.o(.text) refers to bldc.o(.data.offsetdc) for offsetdc
    bldc.o(.text) refers to bldc.o(.bss.buzzerTimer) for buzzerTimer
    bldc.o(.text) refers to bldc.o(.data.batteryVoltage) for batteryVoltage
    bldc.o(.text) refers to f2d.o(.text) for __aeabi_f2d
    bldc.o(.text) refers to dfltui.o(.text) for __aeabi_ui2d
    bldc.o(.text) refers to dadd.o(.text) for __aeabi_dadd
    bldc.o(.text) refers to d2f.o(.text) for __aeabi_d2f
    bldc.o(.text) refers to bldc.o(.bss.buzzerFreq) for buzzerFreq
    bldc.o(.text) refers to bldc.o(.bss.buzzerPattern) for buzzerPattern
    bldc.o(.text) refers to gd32f1x0_gpio.o(.text) for gpio_bit_write
    bldc.o(.text) refers to bldc.o(.data.currentDC) for currentDC
    bldc.o(.text) refers to fcmpgt.o(.text) for __aeabi_fcmpgt
    bldc.o(.text) refers to it.o(.bss.timedOut) for timedOut
    bldc.o(.text) refers to gd32f1x0_timer.o(.text) for timer_automatic_output_enable
    bldc.o(.text) refers to bldc.o(.bss.hall_a) for hall_a
    bldc.o(.text) refers to bldc.o(.bss.hall_b) for hall_b
    bldc.o(.text) refers to bldc.o(.bss.hall_c) for hall_c
    bldc.o(.text) refers to bldc.o(.bss.hall) for hall
    bldc.o(.text) refers to bldc.o(.rodata.hall_to_pos) for hall_to_pos
    bldc.o(.text) refers to bldc.o(.bss.filter_reg) for filter_reg
    bldc.o(.text) refers to bldc.o(.bss.pos) for pos
[...]
    bldc.o(.text) refers to fdiv.o(.text) for __aeabi_fdiv
    bldc.o(.text) refers to bldc.o(.bss.realSpeed) for realSpeed
    bldc.o(.ARM.exidx) refers to bldc.o(.text) for [Anonymous Symbol]
    setup.o(.text) refers to gd32f1x0_gpio.o(.text) for gpio_mode_set
    setup.o(.text) refers to gd32f1x0_misc.o(.text) for nvic_priority_group_set
    setup.o(.text) refers to gd32f1x0_rcu.o(.text) for rcu_flag_get
    setup.o(.text) refers to gd32f1x0_fwdgt.o(.text) for fwdgt_config
    setup.o(.text) refers to gd32f1x0_timer.o(.text) for timer_deinit
    setup.o(.text) refers to setup.o(.bss.timeoutTimer_paramter_struct) for timeoutTimer_paramter_struct
    setup.o(.text) refers to setup.o(.bss.timerBldc_paramter_struct) for timerBldc_paramter_struct
    setup.o(.text) refers to setup.o(.bss.timerBldc_oc_parameter_struct) for timerBldc_oc_parameter_struct
    setup.o(.text) refers to setup.o(.bss.timerBldc_break_parameter_struct) for timerBldc_break_parameter_struct
    setup.o(.text) refers to gd32f1x0_dma.o(.text) for dma_deinit
    setup.o(.text) refers to setup.o(.bss.dma_init_struct_adc) for dma_init_struct_adc
    setup.o(.text) refers to bldc.o(.bss.adc_buffer) for adc_buffer
    setup.o(.text) refers to gd32f1x0_adc.o(.text) for adc_channel_length_config
    setup.o(.text) refers to gd32f1x0_usart.o(.text) for usart_baudrate_set
    setup.o(.text) refers to setup.o(.bss.dma_init_struct_usart) for dma_init_struct_usart
    setup.o(.text) refers to setup.o(.bss.usart1_rx_buf) for usart1_rx_buf
    setup.o(.text) refers to setup.o(.bss.usart0_rx_buf) for usart0_rx_buf
    setup.o(.ARM.exidx) refers to setup.o(.text) for [Anonymous Symbol]
    it.o(.text) refers to it.o(.bss.msTicks) for msTicks
    it.o(.text) refers to it.o(.bss.timeoutCounter_ms) for timeoutCounter_ms
    it.o(.text) refers to it.o(.bss.timedOut) for timedOut
    it.o(.text) refers to main.o(.bss.steer) for steer
    it.o(.text) refers to main.o(.bss.speed) for speed
    it.o(.text) refers to main.o(.data.beepsBackwards) for beepsBackwards
    it.o(.text) refers to gd32f1x0_timer.o(.text) for timer_interrupt_flag_clear
    it.o(.text) refers to gd32f1x0_adc.o(.text) for adc_software_trigger_enable
    it.o(.text) refers to bldc.o(.text) for CalculateBLDC
    it.o(.text) refers to gd32f1x0_dma.o(.text) for dma_interrupt_flag_get
    it.o(.text) refers to remoteuartbus.o(.text) for RemoteCallback
    it.o(.text) refers to commsmasterslave.o(.text) for UpdateUSARTMasterSlaveInput
    it.o(.ARM.exidx) refers to it.o(.text) for [Anonymous Symbol]
    remoteuartbus.o(.text) refers to it.o(.text) for millis
    remoteuartbus.o(.text) refers to remoteuartbus.o(.bss.iTimeLastRx) for iTimeLastRx
    remoteuartbus.o(.text) refers to main.o(.bss.steer) for steer
    remoteuartbus.o(.text) refers to main.o(.bss.speed) for speed
    remoteuartbus.o(.text) refers to bldc.o(.data.batteryVoltage) for batteryVoltage
    remoteuartbus.o(.text) refers to fmul.o(.text) for __aeabi_fmul
    remoteuartbus.o(.text) refers to ffixi.o(.text) for __aeabi_f2iz
    remoteuartbus.o(.text) refers to bldc.o(.data.currentDC) for currentDC
    remoteuartbus.o(.text) refers to bldc.o(.bss.realSpeed) for realSpeed
    remoteuartbus.o(.text) refers to remoteuartbus.o(.bss.iAnswerMaster) for iAnswerMaster
    remoteuartbus.o(.text) refers to commsmasterslave.o(.text) for CalcCRC
    remoteuartbus.o(.text) refers to remoteuartbus.o(.bss.iReceivePos) for iReceivePos
    remoteuartbus.o(.text) refers to setup.o(.bss.usart0_rx_buf) for usart0_rx_buf
    remoteuartbus.o(.text) refers to remoteuartbus.o(.bss.aReceiveBuffer) for aReceiveBuffer
    remoteuartbus.o(.text) refers to remoteuartbus.o(.bss.iRxDataType) for iRxDataType
    remoteuartbus.o(.text) refers to remoteuartbus.o(.bss.iRxDataSize) for iRxDataSize
    remoteuartbus.o(.text) refers to main.o(.data.wState) for wState
    remoteuartbus.o(.text) refers to main.o(.data.wStateSlave) for wStateSlave
    remoteuartbus.o(.ARM.exidx) refers to remoteuartbus.o(.text) for [Anonymous Symbol]
    commsmasterslave.o(.text) refers to gd32f1x0_usart.o(.text) for usart_data_transmit
    commsmasterslave.o(.text) refers to commsmasterslave.o(.bss.beepsBackwardsMaster) for beepsBackwardsMaster
    commsmasterslave.o(.text) refers to setup.o(.bss.usart1_rx_buf) for usart1_rx_buf
    commsmasterslave.o(.text) refers to commsmasterslave.o(.data.iReceivePos) for iReceivePos
    commsmasterslave.o(.text) refers to commsmasterslave.o(.bss.aReceiveBuffer) for aReceiveBuffer
    commsmasterslave.o(.text) refers to main.o(.bss.oDataSlave) for oDataSlave
    commsmasterslave.o(.text) refers to main.o(.data.wStateSlave) for wStateSlave
    commsmasterslave.o(.ARM.exidx) refers to commsmasterslave.o(.text) for [Anonymous Symbol]
    gd32f1x0_adc.o(.text) refers to gd32f1x0_rcu.o(.text) for rcu_periph_reset_enable
    gd32f1x0_adc.o(.ARM.exidx) refers to gd32f1x0_adc.o(.text) for [Anonymous Symbol]
    gd32f1x0_dbg.o(.ARM.exidx) refers to gd32f1x0_dbg.o(.text) for [Anonymous Symbol]
    gd32f1x0_dma.o(.ARM.exidx) refers to gd32f1x0_dma.o(.text) for [Anonymous Symbol]
    gd32f1x0_fwdgt.o(.ARM.exidx) refers to gd32f1x0_fwdgt.o(.text) for [Anonymous Symbol]
    gd32f1x0_gpio.o(.text) refers to gd32f1x0_gpio.o(.rodata..Lswitch.table.gpio_deinit.1) for .Lswitch.table.gpio_deinit.1
    gd32f1x0_gpio.o(.text) refers to gd32f1x0_rcu.o(.text) for rcu_periph_reset_enable
    gd32f1x0_gpio.o(.ARM.exidx) refers to gd32f1x0_gpio.o(.text) for [Anonymous Symbol]
    gd32f1x0_i2c.o(.text) refers to gd32f1x0_rcu.o(.text) for rcu_periph_reset_enable
    gd32f1x0_i2c.o(.ARM.exidx) refers to gd32f1x0_i2c.o(.text) for [Anonymous Symbol]
    gd32f1x0_misc.o(.ARM.exidx) refers to gd32f1x0_misc.o(.text) for [Anonymous Symbol]
    gd32f1x0_pmu.o(.text) refers to gd32f1x0_rcu.o(.text) for rcu_periph_reset_enable
    gd32f1x0_pmu.o(.text) refers to gd32f1x0_pmu.o(.bss.pmu_to_deepsleepmode.reg_snap.1) for pmu_to_deepsleepmode.reg_snap.1
    gd32f1x0_pmu.o(.text) refers to gd32f1x0_pmu.o(.bss.pmu_to_deepsleepmode.reg_snap.0) for pmu_to_deepsleepmode.reg_snap.0
    gd32f1x0_pmu.o(.text) refers to gd32f1x0_pmu.o(.bss.pmu_to_deepsleepmode.reg_snap.2) for pmu_to_deepsleepmode.reg_snap.2
    gd32f1x0_pmu.o(.text) refers to gd32f1x0_pmu.o(.bss.pmu_to_deepsleepmode.reg_snap.3) for pmu_to_deepsleepmode.reg_snap.3
    gd32f1x0_pmu.o(.ARM.exidx) refers to gd32f1x0_pmu.o(.text) for [Anonymous Symbol]
    gd32f1x0_rcu.o(.text) refers to gd32f1x0_rcu.o(.rodata.cst8) for .L__const.rcu_clock_freq_get.apb2_exp
    gd32f1x0_rcu.o(.ARM.exidx) refers to gd32f1x0_rcu.o(.text) for [Anonymous Symbol]
    gd32f1x0_syscfg.o(.text) refers to gd32f1x0_rcu.o(.text) for rcu_periph_reset_enable
    gd32f1x0_syscfg.o(.ARM.exidx) refers to gd32f1x0_syscfg.o(.text) for [Anonymous Symbol]
    gd32f1x0_timer.o(.text) refers to gd32f1x0_rcu.o(.text) for rcu_periph_reset_enable
    gd32f1x0_timer.o(.ARM.exidx) refers to gd32f1x0_timer.o(.text) for [Anonymous Symbol]
    gd32f1x0_usart.o(.text) refers to gd32f1x0_rcu.o(.text) for rcu_periph_reset_enable
    gd32f1x0_usart.o(.ARM.exidx) refers to gd32f1x0_usart.o(.text) for [Anonymous Symbol]
    gd32f1x0_wwdgt.o(.text) refers to gd32f1x0_rcu.o(.text) for rcu_periph_reset_enable
    gd32f1x0_wwdgt.o(.ARM.exidx) refers to gd32f1x0_wwdgt.o(.text) for [Anonymous Symbol]
    startup_gd32f1x0.o(RESET) refers to startup_gd32f1x0.o(STACK) for __initial_sp
    startup_gd32f1x0.o(RESET) refers to startup_gd32f1x0.o(.text) for Reset_Handler
    startup_gd32f1x0.o(RESET) refers to it.o(.text) for NMI_Handler
    startup_gd32f1x0.o(.text) refers to system_gd32f1x0.o(.text) for SystemInit
    startup_gd32f1x0.o(.text) refers to entry.o(.ARM.Collect$$$$00000000) for __main
    system_gd32f1x0.o(.text) refers to system_gd32f1x0.o(.data.SystemCoreClock) for SystemCoreClock
    system_gd32f1x0.o(.ARM.exidx) refers to system_gd32f1x0.o(.text) for [Anonymous Symbol]
    entry.o(.ARM.Collect$$$$00000000) refers (Special) to entry10a.o(.ARM.Collect$$$$0000000D) for __rt_final_cpp
    entry.o(.ARM.Collect$$$$00000000) refers (Special) to entry11a.o(.ARM.Collect$$$$0000000F) for __rt_final_exit
    entry.o(.ARM.Collect$$$$00000000) refers (Special) to entry7b.o(.ARM.Collect$$$$00000008) for _main_clock
    entry.o(.ARM.Collect$$$$00000000) refers (Special) to entry8b.o(.ARM.Collect$$$$0000000A) for _main_cpp_init
    entry.o(.ARM.Collect$$$$00000000) refers (Special) to entry9a.o(.ARM.Collect$$$$0000000B) for _main_init
    entry.o(.ARM.Collect$$$$00000000) refers (Special) to entry5.o(.ARM.Collect$$$$00000004) for _main_scatterload
    entry.o(.ARM.Collect$$$$00000000) refers (Special) to entry2.o(.ARM.Collect$$$$00000001) for _main_stk
    fadd.o(.text) refers (Special) to iusefp.o(.text) for __I$use$fp
    fadd.o(.text) refers to fepilogue.o(.text) for _float_epilogue
    fmul.o(.text) refers (Special) to iusefp.o(.text) for __I$use$fp
    fdiv.o(.text) refers (Special) to iusefp.o(.text) for __I$use$fp
    fdiv.o(.text) refers to fepilogue.o(.text) for _float_round
    dadd.o(.text) refers (Special) to iusefp.o(.text) for __I$use$fp
    dadd.o(.text) refers to llshl.o(.text) for __aeabi_llsl
    dadd.o(.text) refers to llsshr.o(.text) for __aeabi_lasr
    dadd.o(.text) refers to depilogue.o(.text) for _double_epilogue
    dmul.o(.text) refers (Special) to iusefp.o(.text) for __I$use$fp
    dmul.o(.text) refers to depilogue.o(.text) for _double_epilogue
    ddiv.o(.text) refers (Special) to iusefp.o(.text) for __I$use$fp
    ddiv.o(.text) refers to depilogue.o(.text) for _double_round
    fcmple.o(.text) refers (Special) to iusefp.o(.text) for __I$use$fp
    fcmplt.o(.text) refers (Special) to iusefp.o(.text) for __I$use$fp
    fcmpge.o(.text) refers (Special) to iusefp.o(.text) for __I$use$fp
    fcmpgt.o(.text) refers (Special) to iusefp.o(.text) for __I$use$fp
    dcmple.o(.text) refers (Special) to iusefp.o(.text) for __I$use$fp
    dcmplt.o(.text) refers (Special) to iusefp.o(.text) for __I$use$fp
    dcmpge.o(.text) refers (Special) to iusefp.o(.text) for __I$use$fp
    fflti.o(.text) refers (Special) to iusefp.o(.text) for __I$use$fp
    fflti.o(.text) refers to fepilogue.o(.text) for _float_epilogue
    ffltui.o(.text) refers (Special) to iusefp.o(.text) for __I$use$fp
    ffltui.o(.text) refers to fepilogue.o(.text) for _float_epilogue
    dflti.o(.text) refers (Special) to iusefp.o(.text) for __I$use$fp
    dflti.o(.text) refers to depilogue.o(.text) for _double_epilogue
    dfltui.o(.text) refers (Special) to iusefp.o(.text) for __I$use$fp
    dfltui.o(.text) refers to depilogue.o(.text) for _double_epilogue
    ffixi.o(.text) refers (Special) to iusefp.o(.text) for __I$use$fp
    dfixi.o(.text) refers (Special) to iusefp.o(.text) for __I$use$fp
    dfixi.o(.text) refers to llushr.o(.text) for __aeabi_llsr
    f2d.o(.text) refers (Special) to iusefp.o(.text) for __I$use$fp
    d2f.o(.text) refers (Special) to iusefp.o(.text) for __I$use$fp
    d2f.o(.text) refers to fepilogue.o(.text) for _float_round
    entry2.o(.ARM.Collect$$$$00000001) refers to entry2.o(.ARM.Collect$$$$00002712) for __lit__00000000
    entry2.o(.ARM.Collect$$$$00002712) refers to startup_gd32f1x0.o(STACK) for __initial_sp
    entry2.o(__vectab_stack_and_reset_area) refers to startup_gd32f1x0.o(STACK) for __initial_sp
    entry2.o(__vectab_stack_and_reset_area) refers to entry.o(.ARM.Collect$$$$00000000) for __main
    entry5.o(.ARM.Collect$$$$00000004) refers to init.o(.text) for __scatterload
    entry9a.o(.ARM.Collect$$$$0000000B) refers to main.o(.text) for main
    entry9b.o(.ARM.Collect$$$$0000000C) refers to main.o(.text) for main
    fepilogue.o(.text) refers (Special) to iusefp.o(.text) for __I$use$fp
    depilogue.o(.text) refers (Special) to iusefp.o(.text) for __I$use$fp
    depilogue.o(.text) refers to llshl.o(.text) for __aeabi_llsl
    depilogue.o(.text) refers to llushr.o(.text) for __aeabi_llsr
    init.o(.text) refers to entry5.o(.ARM.Collect$$$$00000004) for __main_after_scatterload


==============================================================================

Removing Unused input sections from the image.

    Removing main.o(.ARM.exidx), (32 bytes).
    Removing main.o(.bss.activateWeakening), (1 bytes).
    Removing main.o(.bss.slaveError), (1 bytes).
    Removing main.o(.ARM.use_no_argv), (4 bytes).
    Removing bldc.o(.ARM.exidx), (40 bytes).
    Removing bldc.o(.rodata.pwm_res), (2 bytes).
    Removing setup.o(.ARM.exidx), (80 bytes).
    Removing it.o(.ARM.exidx), (136 bytes).
    Removing it.o(.bss.iUartCounter), (2 bytes).
    Removing led.o(.text), (0 bytes).
    Removing remoteuart.o(.text), (0 bytes).
    Removing remotecrsf.o(.text), (0 bytes).
    Removing remotedummy.o(.text), (0 bytes).
    Removing remoteuartbus.o(.ARM.exidx), (24 bytes).
    Removing commsmasterslave.o(.ARM.exidx), (56 bytes).
    Removing commsmasterslave.o(.bss.mosfetOutMaster), (1 bytes).
    Removing remoteautodetect.o(.text), (0 bytes).
    Removing gd32f1x0_adc.o(.ARM.exidx), (256 bytes).
    Removing gd32f1x0_dbg.o(.text), (128 bytes).
    Removing gd32f1x0_dbg.o(.ARM.exidx), (48 bytes).
    Removing gd32f1x0_dma.o(.ARM.exidx), (216 bytes).
    Removing gd32f1x0_fwdgt.o(.ARM.exidx), (48 bytes).
    Removing gd32f1x0_gpio.o(.ARM.exidx), (104 bytes).
    Removing gd32f1x0_i2c.o(.text), (802 bytes).
    Removing gd32f1x0_i2c.o(.ARM.exidx), (248 bytes).
    Removing gd32f1x0_misc.o(.ARM.exidx), (56 bytes).
    Removing gd32f1x0_opa.o(.text), (0 bytes).
    Removing gd32f1x0_pmu.o(.text), (490 bytes).
    Removing gd32f1x0_pmu.o(.ARM.exidx), (96 bytes).
    Removing gd32f1x0_pmu.o(.bss.pmu_to_deepsleepmode.reg_snap.0), (4 bytes).
    Removing gd32f1x0_pmu.o(.bss.pmu_to_deepsleepmode.reg_snap.1), (4 bytes).
    Removing gd32f1x0_pmu.o(.bss.pmu_to_deepsleepmode.reg_snap.2), (4 bytes).
    Removing gd32f1x0_pmu.o(.bss.pmu_to_deepsleepmode.reg_snap.3), (4 bytes).
    Removing gd32f1x0_rcu.o(.ARM.exidx), (336 bytes).
    Removing gd32f1x0_syscfg.o(.text), (254 bytes).
    Removing gd32f1x0_syscfg.o(.ARM.exidx), (72 bytes).
    Removing gd32f1x0_timer.o(.ARM.exidx), (568 bytes).
    Removing gd32f1x0_usart.o(.ARM.exidx), (544 bytes).
    Removing gd32f1x0_wwdgt.o(.text), (170 bytes).
    Removing gd32f1x0_wwdgt.o(.ARM.exidx), (56 bytes).
    Removing startup_gd32f1x0.o(HEAP), (1024 bytes).
    Removing system_gd32f1x0.o(.ARM.exidx), (16 bytes).

42 unused section(s) (total 5927 bytes) removed from the image.

==============================================================================

Image Symbol Table

    Local Symbols

    Symbol Name                              Value     Ov Type        Size  Object(Section)

    ../clib/microlib/init/entry.s            0x00000000   Number         0  entry.o ABSOLUTE
    ../clib/microlib/init/entry.s            0x00000000   Number         0  entry2.o ABSOLUTE
    ../clib/microlib/init/entry.s            0x00000000   Number         0  entry5.o ABSOLUTE
    ../clib/microlib/init/entry.s            0x00000000   Number         0  entry7a.o ABSOLUTE
    ../clib/microlib/init/entry.s            0x00000000   Number         0  entry7b.o ABSOLUTE
    ../clib/microlib/init/entry.s            0x00000000   Number         0  entry8a.o ABSOLUTE
    ../clib/microlib/init/entry.s            0x00000000   Number         0  entry8b.o ABSOLUTE
    ../clib/microlib/init/entry.s            0x00000000   Number         0  entry9a.o ABSOLUTE
    ../clib/microlib/init/entry.s            0x00000000   Number         0  entry9b.o ABSOLUTE
    ../clib/microlib/init/entry.s            0x00000000   Number         0  entry10a.o ABSOLUTE
    ../clib/microlib/init/entry.s            0x00000000   Number         0  entry10b.o ABSOLUTE
    ../clib/microlib/init/entry.s            0x00000000   Number         0  entry11a.o ABSOLUTE
    ../clib/microlib/init/entry.s            0x00000000   Number         0  entry11b.o ABSOLUTE
    ../clib/microlib/longlong.c              0x00000000   Number         0  llshl.o ABSOLUTE
    ../clib/microlib/longlong.c              0x00000000   Number         0  llushr.o ABSOLUTE
    ../clib/microlib/longlong.c              0x00000000   Number         0  llsshr.o ABSOLUTE
    ../clib/microlib/stubs.s                 0x00000000   Number         0  iusefp.o ABSOLUTE
    ../fplib/microlib/d2f.c                  0x00000000   Number         0  d2f.o ABSOLUTE
    ../fplib/microlib/f2d.c                  0x00000000   Number         0  f2d.o ABSOLUTE
    ../fplib/microlib/fpadd.c                0x00000000   Number         0  fadd.o ABSOLUTE
    ../fplib/microlib/fpadd.c                0x00000000   Number         0  dadd.o ABSOLUTE
    ../fplib/microlib/fpcmp.c                0x00000000   Number         0  fcmple.o ABSOLUTE
    ../fplib/microlib/fpcmp.c                0x00000000   Number         0  fcmplt.o ABSOLUTE
    ../fplib/microlib/fpcmp.c                0x00000000   Number         0  fcmpge.o ABSOLUTE
    ../fplib/microlib/fpcmp.c                0x00000000   Number         0  fcmpgt.o ABSOLUTE
    ../fplib/microlib/fpcmp.c                0x00000000   Number         0  dcmple.o ABSOLUTE
    ../fplib/microlib/fpcmp.c                0x00000000   Number         0  dcmplt.o ABSOLUTE
    ../fplib/microlib/fpcmp.c                0x00000000   Number         0  dcmpge.o ABSOLUTE
    ../fplib/microlib/fpdiv.c                0x00000000   Number         0  fdiv.o ABSOLUTE
    ../fplib/microlib/fpdiv.c                0x00000000   Number         0  ddiv.o ABSOLUTE
    ../fplib/microlib/fpepilogue.c           0x00000000   Number         0  fepilogue.o ABSOLUTE
    ../fplib/microlib/fpepilogue.c           0x00000000   Number         0  depilogue.o ABSOLUTE
    ../fplib/microlib/fpfix.c                0x00000000   Number         0  ffixi.o ABSOLUTE
    ../fplib/microlib/fpfix.c                0x00000000   Number         0  dfixi.o ABSOLUTE
    ../fplib/microlib/fpflt.c                0x00000000   Number         0  fflti.o ABSOLUTE
    ../fplib/microlib/fpflt.c                0x00000000   Number         0  ffltui.o ABSOLUTE
    ../fplib/microlib/fpflt.c                0x00000000   Number         0  dflti.o ABSOLUTE
    ../fplib/microlib/fpflt.c                0x00000000   Number         0  dfltui.o ABSOLUTE
    ../fplib/microlib/fpmul.c                0x00000000   Number         0  fmul.o ABSOLUTE
    ../fplib/microlib/fpmul.c                0x00000000   Number         0  dmul.o ABSOLUTE
    RTE/Device/GD32F130C8/startup_gd32f1x0.s 0x00000000   Number         0  startup_gd32f1x0.o ABSOLUTE
    RemoteAutodetect.c                       0x00000000   Number         0  remoteautodetect.o ABSOLUTE
    bldc.c                                   0x00000000   Number         0  bldc.o ABSOLUTE
    commsMasterSlave.c                       0x00000000   Number         0  commsmasterslave.o ABSOLUTE
    dc.s                                     0x00000000   Number         0  dc.o ABSOLUTE
    gd32f1x0_adc.c                           0x00000000   Number         0  gd32f1x0_adc.o ABSOLUTE
    gd32f1x0_dbg.c                           0x00000000   Number         0  gd32f1x0_dbg.o ABSOLUTE
    gd32f1x0_dma.c                           0x00000000   Number         0  gd32f1x0_dma.o ABSOLUTE
    gd32f1x0_fwdgt.c                         0x00000000   Number         0  gd32f1x0_fwdgt.o ABSOLUTE
    gd32f1x0_gpio.c                          0x00000000   Number         0  gd32f1x0_gpio.o ABSOLUTE
    gd32f1x0_i2c.c                           0x00000000   Number         0  gd32f1x0_i2c.o ABSOLUTE
    gd32f1x0_misc.c                          0x00000000   Number         0  gd32f1x0_misc.o ABSOLUTE
    gd32f1x0_opa.c                           0x00000000   Number         0  gd32f1x0_opa.o ABSOLUTE
    gd32f1x0_pmu.c                           0x00000000   Number         0  gd32f1x0_pmu.o ABSOLUTE
    gd32f1x0_rcu.c                           0x00000000   Number         0  gd32f1x0_rcu.o ABSOLUTE
    gd32f1x0_syscfg.c                        0x00000000   Number         0  gd32f1x0_syscfg.o ABSOLUTE
    gd32f1x0_timer.c                         0x00000000   Number         0  gd32f1x0_timer.o ABSOLUTE
    gd32f1x0_usart.c                         0x00000000   Number         0  gd32f1x0_usart.o ABSOLUTE
    gd32f1x0_wwdgt.c                         0x00000000   Number         0  gd32f1x0_wwdgt.o ABSOLUTE
    handlers.s                               0x00000000   Number         0  handlers.o ABSOLUTE
    init.s                                   0x00000000   Number         0  init.o ABSOLUTE
    it.c                                     0x00000000   Number         0  it.o ABSOLUTE
    led.c                                    0x00000000   Number         0  led.o ABSOLUTE
    main.c                                   0x00000000   Number         0  main.o ABSOLUTE
    remoteCrsf.c                             0x00000000   Number         0  remotecrsf.o ABSOLUTE
    remoteDummy.c                            0x00000000   Number         0  remotedummy.o ABSOLUTE
    remoteUart.c                             0x00000000   Number         0  remoteuart.o ABSOLUTE
    remoteUartBus.c                          0x00000000   Number         0  remoteuartbus.o ABSOLUTE
    setup.c                                  0x00000000   Number         0  setup.o ABSOLUTE
    system_gd32f1x0.c                        0x00000000   Number         0  system_gd32f1x0.o ABSOLUTE
    RESET                                    0x08000000   Section      360  startup_gd32f1x0.o(RESET)
    .ARM.Collect$$$$00000000                 0x08000168   Section        0  entry.o(.ARM.Collect$$$$00000000)
    .ARM.Collect$$$$00000001                 0x08000168   Section        4  entry2.o(.ARM.Collect$$$$00000001)
    .ARM.Collect$$$$00000004                 0x0800016c   Section        4  entry5.o(.ARM.Collect$$$$00000004)
    .ARM.Collect$$$$00000008                 0x08000170   Section        0  entry7b.o(.ARM.Collect$$$$00000008)
    .ARM.Collect$$$$0000000A                 0x08000170   Section        0  entry8b.o(.ARM.Collect$$$$0000000A)
    .ARM.Collect$$$$0000000B                 0x08000170   Section        8  entry9a.o(.ARM.Collect$$$$0000000B)
    __lit__00000000                          0x08000178   Data           4  entry2.o(.ARM.Collect$$$$00002712)
    .ARM.Collect$$$$0000000D                 0x08000178   Section        0  entry10a.o(.ARM.Collect$$$$0000000D)
    .ARM.Collect$$$$0000000F                 0x08000178   Section        0  entry11a.o(.ARM.Collect$$$$0000000F)
    .ARM.Collect$$$$00002712                 0x08000178   Section        4  entry2.o(.ARM.Collect$$$$00002712)
    [Anonymous Symbol]                       0x0800017c   Section        0  main.o(.text)
    [Anonymous Symbol]                       0x08000814   Section        0  bldc.o(.text)
    [Anonymous Symbol]                       0x08000ca4   Section        0  setup.o(.text)
    [Anonymous Symbol]                       0x0800150c   Section        0  it.o(.text)
    [Anonymous Symbol]                       0x08001650   Section        0  remoteuartbus.o(.text)
    [Anonymous Symbol]                       0x080018e4   Section        0  commsmasterslave.o(.text)
    [Anonymous Symbol]                       0x08001ad4   Section        0  gd32f1x0_adc.o(.text)
    [Anonymous Symbol]                       0x0800207c   Section        0  gd32f1x0_dma.o(.text)
    [Anonymous Symbol]                       0x080023c8   Section        0  gd32f1x0_fwdgt.o(.text)
    [Anonymous Symbol]                       0x080024ac   Section        0  gd32f1x0_gpio.o(.text)
    [Anonymous Symbol]                       0x08002644   Section        0  gd32f1x0_misc.o(.text)
    [Anonymous Symbol]                       0x08002770   Section        0  gd32f1x0_rcu.o(.text)
    [Anonymous Symbol]                       0x08002e94   Section        0  gd32f1x0_timer.o(.text)
    [Anonymous Symbol]                       0x08003bcc   Section        0  gd32f1x0_usart.o(.text)
    .text                                    0x0800420c   Section       36  startup_gd32f1x0.o(.text)
    [Anonymous Symbol]                       0x08004230   Section        0  system_gd32f1x0.o(.text)
    .text                                    0x0800436c   Section        0  fadd.o(.text)
    .text                                    0x0800441c   Section        0  fmul.o(.text)
    .text                                    0x08004480   Section        0  fdiv.o(.text)
    .text                                    0x080044fc   Section        0  dadd.o(.text)
    .text                                    0x0800464a   Section        0  dmul.o(.text)
    .text                                    0x0800472e   Section        0  ddiv.o(.text)
    .text                                    0x0800480c   Section        0  fcmple.o(.text)
    .text                                    0x08004828   Section        0  fcmplt.o(.text)
    .text                                    0x08004844   Section        0  fcmpge.o(.text)
    .text                                    0x08004860   Section        0  fcmpgt.o(.text)
    .text                                    0x0800487c   Section        0  dcmple.o(.text)
    .text                                    0x080048b2   Section        0  dcmplt.o(.text)
    .text                                    0x080048e8   Section        0  dcmpge.o(.text)
    .text                                    0x0800491e   Section        0  fflti.o(.text)
    .text                                    0x08004930   Section        0  ffltui.o(.text)
    .text                                    0x0800493a   Section        0  dflti.o(.text)
    .text                                    0x0800495c   Section        0  dfltui.o(.text)
    .text                                    0x08004976   Section        0  ffixi.o(.text)
    .text                                    0x080049a8   Section        0  dfixi.o(.text)
    .text                                    0x080049e6   Section        0  f2d.o(.text)
    .text                                    0x08004a0c   Section        0  d2f.o(.text)
    .text                                    0x08004a44   Section        0  llshl.o(.text)
    .text                                    0x08004a62   Section        0  llushr.o(.text)
    .text                                    0x08004a82   Section        0  llsshr.o(.text)
    .text                                    0x08004aa6   Section        0  iusefp.o(.text)
    .text                                    0x08004aa6   Section        0  fepilogue.o(.text)
    .text                                    0x08004b14   Section        0  depilogue.o(.text)
    .text                                    0x08004bd0   Section       48  init.o(.text)
    i.__scatterload_copy                     0x08004c00   Section       14  handlers.o(i.__scatterload_copy)
    i.__scatterload_null                     0x08004c0e   Section        2  handlers.o(i.__scatterload_null)
    i.__scatterload_zeroinit                 0x08004c10   Section       14  handlers.o(i.__scatterload_zeroinit)
    .L__const.up_or_down.up_down             0x08004c1e   Data          12  bldc.o(.rodata..L__const.up_or_down.up_down)
    .Lswitch.table.gpio_deinit.1             0x08004c2a   Data          12  gd32f1x0_gpio.o(.rodata..Lswitch.table.gpio_deinit.1)
    .L__const.rcu_clock_freq_get.apb2_exp    0x08004c36   Data           8  gd32f1x0_rcu.o(.rodata.cst8)
    iReceivePos                              0x20000010   Data           2  commsmasterslave.o(.data.iReceivePos)
    aReceiveBuffer                           0x20000018   Data         255  remoteuartbus.o(.bss.aReceiveBuffer)
    aReceiveBuffer                           0x20000117   Data          16  commsmasterslave.o(.bss.aReceiveBuffer)
    iReceivePos                              0x20000194   Data           2  remoteuartbus.o(.bss.iReceivePos)
    STACK                                    0x20000230   Section     1024  startup_gd32f1x0.o(STACK)

    Global Symbols

    Symbol Name                              Value     Ov Type        Size  Object(Section)

    BuildAttributes$$THM_ISAv4$P$D$K$B$S$PE$A:L22UL41UL21$X:L11$S22US41US21$IEEE1$IW$~IW$USESV6$~STKCKD$USESV7$~SHL$OTIME$ROPI$EBA8$MICROLIB$REQ8$PRES8$EABIv2 0x00000000   Number         0  anon$$obj.o ABSOLUTE
    __cpp_initialize__aeabi_                  - Undefined Weak Reference
    __cxa_finalize                            - Undefined Weak Reference
    __decompress                              - Undefined Weak Reference
    _clock_init                               - Undefined Weak Reference
    _microlib_exit                            - Undefined Weak Reference
    __Vectors_Size                           0x00000168   Number         0  startup_gd32f1x0.o ABSOLUTE
    __Vectors                                0x08000000   Data           4  startup_gd32f1x0.o(RESET)
    __Vectors_End                            0x08000168   Data           0  startup_gd32f1x0.o(RESET)
    __main                                   0x08000169   Thumb Code     0  entry.o(.ARM.Collect$$$$00000000)
    _main_stk                                0x08000169   Thumb Code     0  entry2.o(.ARM.Collect$$$$00000001)
    _main_scatterload                        0x0800016d   Thumb Code     0  entry5.o(.ARM.Collect$$$$00000004)
    __main_after_scatterload                 0x08000171   Thumb Code     0  entry5.o(.ARM.Collect$$$$00000004)
    _main_clock                              0x08000171   Thumb Code     0  entry7b.o(.ARM.Collect$$$$00000008)
    _main_cpp_init                           0x08000171   Thumb Code     0  entry8b.o(.ARM.Collect$$$$0000000A)
    _main_init                               0x08000171   Thumb Code     0  entry9a.o(.ARM.Collect$$$$0000000B)
    __rt_final_cpp                           0x08000179   Thumb Code     0  entry10a.o(.ARM.Collect$$$$0000000D)
    __rt_final_exit                          0x08000179   Thumb Code     0  entry11a.o(.ARM.Collect$$$$0000000F)
    main                                     0x0800017d   Thumb Code  1438  main.o(.text)
    ShowBatteryState                         0x0800071d   Thumb Code    86  main.o(.text)
    BeepsBackwards                           0x08000775   Thumb Code    60  main.o(.text)
    ShutOff                                  0x080007b1   Thumb Code    98  main.o(.text)
    modulo                                   0x08000815   Thumb Code    22  bldc.o(.text)
    up_or_down                               0x0800082d   Thumb Code    66  bldc.o(.text)
    SetEnable                                0x08000871   Thumb Code    12  bldc.o(.text)
    SetPWM                                   0x0800087d   Thumb Code   120  bldc.o(.text)
    CalculateBLDC                            0x080008f5   Thumb Code   944  bldc.o(.text)
    pinMode                                  0x08000ca5   Thumb Code    42  setup.o(.text)
    pinModePull                              0x08000cd1   Thumb Code    40  setup.o(.text)
    Interrupt_init                           0x08000cf9   Thumb Code     8  setup.o(.text)
    Watchdog_init                            0x08000d01   Thumb Code    56  setup.o(.text)
    TimeoutTimer_init                        0x08000d39   Thumb Code    92  setup.o(.text)
    GPIO_init                                0x08000d95   Thumb Code   740  setup.o(.text)
    PWM_init                                 0x08001079   Thumb Code   368  setup.o(.text)
    ADC_init                                 0x080011e9   Thumb Code   234  setup.o(.text)
    USART1_Init                              0x080012d5   Thumb Code   288  setup.o(.text)
    USART0_Init                              0x080013f5   Thumb Code   280  setup.o(.text)
    SysTick_Handler                          0x0800150d   Thumb Code    16  it.o(.text)
    ResetTimeout                             0x0800151d   Thumb Code    14  it.o(.text)
    TIMER13_IRQHandler                       0x0800152d   Thumb Code    96  it.o(.text)
    TIMER0_BRK_UP_TRG_COM_IRQHandler         0x0800158d   Thumb Code    26  it.o(.text)
    DMA_Channel0_IRQHandler                  0x080015a9   Thumb Code    32  it.o(.text)
    DMA_Channel1_2_IRQHandler                0x080015c9   Thumb Code    32  it.o(.text)
    DMA_Channel3_4_IRQHandler                0x080015e9   Thumb Code    32  it.o(.text)
    millis                                   0x08001609   Thumb Code    12  it.o(.text)
    Delay                                    0x08001615   Thumb Code    28  it.o(.text)
    NMI_Handler                              0x08001631   Thumb Code     2  it.o(.text)
    HardFault_Handler                        0x08001635   Thumb Code     2  it.o(.text)
    MemManage_Handler                        0x08001639   Thumb Code     2  it.o(.text)
    BusFault_Handler                         0x0800163d   Thumb Code     2  it.o(.text)
    UsageFault_Handler                       0x08001641   Thumb Code     2  it.o(.text)
    SVC_Handler                              0x08001645   Thumb Code     2  it.o(.text)
    DebugMon_Handler                         0x08001649   Thumb Code     2  it.o(.text)
    PendSV_Handler                           0x0800164d   Thumb Code     2  it.o(.text)
    RemoteUpdate                             0x08001651   Thumb Code    50  remoteuartbus.o(.text)
    AnswerMaster                             0x08001685   Thumb Code   152  remoteuartbus.o(.text)
    RemoteCallback                           0x0800171d   Thumb Code   456  remoteuartbus.o(.text)
    SendBuffer                               0x080018e5   Thumb Code    56  commsmasterslave.o(.text)
    CalcCRC                                  0x0800191d   Thumb Code    68  commsmasterslave.o(.text)
    SetBeepsBackwardsMaster                  0x08001961   Thumb Code    12  commsmasterslave.o(.text)
    GetBeepsBackwardsMaster                  0x0800196d   Thumb Code    12  commsmasterslave.o(.text)
    UpdateUSARTMasterSlaveInput              0x08001979   Thumb Code   164  commsmasterslave.o(.text)
    ProessReceived                           0x08001a1d   Thumb Code    32  commsmasterslave.o(.text)
    SendSlave                                0x08001a3d   Thumb Code   152  commsmasterslave.o(.text)
    adc_deinit                               0x08001ad5   Thumb Code    22  gd32f1x0_adc.o(.text)
    adc_enable                               0x08001aed   Thumb Code    26  gd32f1x0_adc.o(.text)
    adc_disable                              0x08001b09   Thumb Code    18  gd32f1x0_adc.o(.text)
    adc_calibration_enable                   0x08001b1d   Thumb Code    40  gd32f1x0_adc.o(.text)
    adc_dma_mode_enable                      0x08001b45   Thumb Code    18  gd32f1x0_adc.o(.text)
    adc_dma_mode_disable                     0x08001b59   Thumb Code    18  gd32f1x0_adc.o(.text)
    adc_tempsensor_vrefint_enable            0x08001b6d   Thumb Code    18  gd32f1x0_adc.o(.text)
    adc_tempsensor_vrefint_disable           0x08001b81   Thumb Code    18  gd32f1x0_adc.o(.text)
    adc_vbat_enable                          0x08001b95   Thumb Code    18  gd32f1x0_adc.o(.text)
    adc_vbat_disable                         0x08001ba9   Thumb Code    18  gd32f1x0_adc.o(.text)
    adc_discontinuous_mode_config            0x08001bbd   Thumb Code    68  gd32f1x0_adc.o(.text)
    adc_special_function_config              0x08001c01   Thumb Code   100  gd32f1x0_adc.o(.text)
    adc_data_alignment_config                0x08001c65   Thumb Code    26  gd32f1x0_adc.o(.text)
    adc_channel_length_config                0x08001c81   Thumb Code    82  gd32f1x0_adc.o(.text)
    adc_regular_channel_config               0x08001cd5   Thumb Code   180  gd32f1x0_adc.o(.text)
    adc_inserted_channel_config              0x08001d89   Thumb Code   114  gd32f1x0_adc.o(.text)
    adc_inserted_channel_offset_config       0x08001dfd   Thumb Code    32  gd32f1x0_adc.o(.text)
    adc_external_trigger_config              0x08001e1d   Thumb Code    72  gd32f1x0_adc.o(.text)
    adc_external_trigger_source_config       0x08001e65   Thumb Code    42  gd32f1x0_adc.o(.text)
    adc_software_trigger_enable              0x08001e91   Thumb Code    36  gd32f1x0_adc.o(.text)
    adc_regular_data_read                    0x08001eb5   Thumb Code    14  gd32f1x0_adc.o(.text)
    adc_inserted_data_read                   0x08001ec5   Thumb Code    74  gd32f1x0_adc.o(.text)
    adc_flag_get                             0x08001f11   Thumb Code    18  gd32f1x0_adc.o(.text)
    adc_flag_clear                           0x08001f25   Thumb Code    18  gd32f1x0_adc.o(.text)
    adc_interrupt_flag_get                   0x08001f39   Thumb Code    56  gd32f1x0_adc.o(.text)
    adc_interrupt_flag_clear                 0x08001f71   Thumb Code    18  gd32f1x0_adc.o(.text)
    adc_interrupt_enable                     0x08001f85   Thumb Code    48  gd32f1x0_adc.o(.text)
    adc_interrupt_disable                    0x08001fb5   Thumb Code    48  gd32f1x0_adc.o(.text)
    adc_watchdog_single_channel_enable       0x08001fe5   Thumb Code    42  gd32f1x0_adc.o(.text)
    adc_watchdog_group_channel_enable        0x08002011   Thumb Code    48  gd32f1x0_adc.o(.text)
    adc_watchdog_disable                     0x0800204d   Thumb Code    24  gd32f1x0_adc.o(.text)
    adc_watchdog_threshold_config            0x08002065   Thumb Code    22  gd32f1x0_adc.o(.text)
    dma_deinit                               0x0800207d   Thumb Code    48  gd32f1x0_dma.o(.text)
    dma_struct_para_init                     0x080020ad   Thumb Code    24  gd32f1x0_dma.o(.text)
    dma_init                                 0x080020c5   Thumb Code   122  gd32f1x0_dma.o(.text)
    dma_circulation_enable                   0x08002141   Thumb Code    24  gd32f1x0_dma.o(.text)
    dma_circulation_disable                  0x08002159   Thumb Code    24  gd32f1x0_dma.o(.text)
    dma_memory_to_memory_enable              0x08002171   Thumb Code    24  gd32f1x0_dma.o(.text)
    dma_memory_to_memory_disable             0x08002189   Thumb Code    24  gd32f1x0_dma.o(.text)
    dma_channel_enable                       0x080021a1   Thumb Code    24  gd32f1x0_dma.o(.text)
    dma_channel_disable                      0x080021b9   Thumb Code    24  gd32f1x0_dma.o(.text)
    dma_periph_address_config                0x080021d1   Thumb Code    16  gd32f1x0_dma.o(.text)
    dma_memory_address_config                0x080021e1   Thumb Code    16  gd32f1x0_dma.o(.text)
    dma_transfer_number_config               0x080021f1   Thumb Code    16  gd32f1x0_dma.o(.text)
    dma_transfer_number_get                  0x08002201   Thumb Code    16  gd32f1x0_dma.o(.text)
    dma_priority_config                      0x08002211   Thumb Code    26  gd32f1x0_dma.o(.text)
    dma_memory_width_config                  0x0800222d   Thumb Code    26  gd32f1x0_dma.o(.text)
    dma_periph_width_config                  0x08002249   Thumb Code    26  gd32f1x0_dma.o(.text)
    dma_memory_increase_enable               0x08002265   Thumb Code    24  gd32f1x0_dma.o(.text)
    dma_memory_increase_disable              0x0800227d   Thumb Code    24  gd32f1x0_dma.o(.text)
    dma_periph_increase_enable               0x08002295   Thumb Code    24  gd32f1x0_dma.o(.text)
    dma_periph_increase_disable              0x080022ad   Thumb Code    24  gd32f1x0_dma.o(.text)
    dma_transfer_direction_config            0x080022c5   Thumb Code    30  gd32f1x0_dma.o(.text)
    dma_interrupt_flag_get                   0x080022e5   Thumb Code   116  gd32f1x0_dma.o(.text)
    dma_interrupt_flag_clear                 0x08002359   Thumb Code    20  gd32f1x0_dma.o(.text)
    dma_interrupt_enable                     0x0800236d   Thumb Code    22  gd32f1x0_dma.o(.text)
    dma_interrupt_disable                    0x08002385   Thumb Code    24  gd32f1x0_dma.o(.text)
    dma_flag_get                             0x0800239d   Thumb Code    22  gd32f1x0_dma.o(.text)
    dma_flag_clear                           0x080023b5   Thumb Code    20  gd32f1x0_dma.o(.text)
    fwdgt_write_disable                      0x080023c9   Thumb Code    14  gd32f1x0_fwdgt.o(.text)
    fwdgt_counter_reload                     0x080023d9   Thumb Code    16  gd32f1x0_fwdgt.o(.text)
    fwdgt_enable                             0x080023e9   Thumb Code    16  gd32f1x0_fwdgt.o(.text)
    fwdgt_window_value_config                0x080023f9   Thumb Code    58  gd32f1x0_fwdgt.o(.text)
    fwdgt_config                             0x08002435   Thumb Code   100  gd32f1x0_fwdgt.o(.text)
    fwdgt_flag_get                           0x08002499   Thumb Code    18  gd32f1x0_fwdgt.o(.text)
    gpio_deinit                              0x080024ad   Thumb Code    58  gd32f1x0_gpio.o(.text)
    gpio_mode_set                            0x080024e9   Thumb Code    84  gd32f1x0_gpio.o(.text)
    gpio_output_options_set                  0x0800253d   Thumb Code    70  gd32f1x0_gpio.o(.text)
    gpio_bit_set                             0x08002585   Thumb Code     4  gd32f1x0_gpio.o(.text)
    gpio_bit_reset                           0x08002589   Thumb Code     4  gd32f1x0_gpio.o(.text)
    gpio_bit_write                           0x0800258d   Thumb Code    12  gd32f1x0_gpio.o(.text)
    gpio_port_write                          0x08002599   Thumb Code     4  gd32f1x0_gpio.o(.text)
    gpio_input_bit_get                       0x0800259d   Thumb Code    10  gd32f1x0_gpio.o(.text)
    gpio_input_port_get                      0x080025a9   Thumb Code     6  gd32f1x0_gpio.o(.text)
    gpio_output_bit_get                      0x080025b1   Thumb Code    10  gd32f1x0_gpio.o(.text)
    gpio_output_port_get                     0x080025bd   Thumb Code     6  gd32f1x0_gpio.o(.text)
    gpio_af_set                              0x080025c5   Thumb Code   110  gd32f1x0_gpio.o(.text)
    gpio_pin_lock                            0x08002635   Thumb Code    16  gd32f1x0_gpio.o(.text)
    nvic_priority_group_set                  0x08002645   Thumb Code    20  gd32f1x0_misc.o(.text)
    nvic_irq_enable                          0x08002659   Thumb Code   168  gd32f1x0_misc.o(.text)
    nvic_irq_disable                         0x08002701   Thumb Code    28  gd32f1x0_misc.o(.text)
    nvic_vector_table_set                    0x0800271d   Thumb Code    24  gd32f1x0_misc.o(.text)
    system_lowpower_set                      0x08002735   Thumb Code    16  gd32f1x0_misc.o(.text)
    system_lowpower_reset                    0x08002745   Thumb Code    18  gd32f1x0_misc.o(.text)
    systick_clksource_set                    0x08002759   Thumb Code    24  gd32f1x0_misc.o(.text)
    rcu_deinit                               0x08002771   Thumb Code   112  gd32f1x0_rcu.o(.text)
    rcu_periph_clock_enable                  0x080027e1   Thumb Code    30  gd32f1x0_rcu.o(.text)
    rcu_periph_clock_disable                 0x08002801   Thumb Code    32  gd32f1x0_rcu.o(.text)
    rcu_periph_clock_sleep_enable            0x08002821   Thumb Code    30  gd32f1x0_rcu.o(.text)
    rcu_periph_clock_sleep_disable           0x08002841   Thumb Code    32  gd32f1x0_rcu.o(.text)
    rcu_periph_reset_enable                  0x08002861   Thumb Code    30  gd32f1x0_rcu.o(.text)
    rcu_periph_reset_disable                 0x08002881   Thumb Code    32  gd32f1x0_rcu.o(.text)
    rcu_bkp_reset_enable                     0x080028a1   Thumb Code    18  gd32f1x0_rcu.o(.text)
    rcu_bkp_reset_disable                    0x080028b5   Thumb Code    18  gd32f1x0_rcu.o(.text)
    rcu_system_clock_source_config           0x080028c9   Thumb Code    20  gd32f1x0_rcu.o(.text)
    rcu_system_clock_source_get              0x080028dd   Thumb Code    16  gd32f1x0_rcu.o(.text)
    rcu_ahb_clock_config                     0x080028ed   Thumb Code    20  gd32f1x0_rcu.o(.text)
    rcu_apb1_clock_config                    0x08002901   Thumb Code    20  gd32f1x0_rcu.o(.text)
    rcu_apb2_clock_config                    0x08002915   Thumb Code    20  gd32f1x0_rcu.o(.text)
    rcu_adc_clock_config                     0x08002929   Thumb Code    88  gd32f1x0_rcu.o(.text)
    rcu_usbd_clock_config                    0x08002981   Thumb Code    24  gd32f1x0_rcu.o(.text)
    rcu_ckout_config                         0x08002999   Thumb Code    22  gd32f1x0_rcu.o(.text)
    rcu_pll_config                           0x080029b1   Thumb Code    40  gd32f1x0_rcu.o(.text)
    rcu_usart_clock_config                   0x080029d9   Thumb Code    24  gd32f1x0_rcu.o(.text)
    rcu_cec_clock_config                     0x080029f1   Thumb Code    24  gd32f1x0_rcu.o(.text)
    rcu_rtc_clock_config                     0x08002a09   Thumb Code    24  gd32f1x0_rcu.o(.text)
    rcu_hxtal_prediv_config                  0x08002a21   Thumb Code    20  gd32f1x0_rcu.o(.text)
    rcu_lxtal_drive_capability_config        0x08002a35   Thumb Code    24  gd32f1x0_rcu.o(.text)
    rcu_flag_get                             0x08002a4d   Thumb Code    26  gd32f1x0_rcu.o(.text)
    rcu_all_reset_flag_clear                 0x08002a69   Thumb Code    18  gd32f1x0_rcu.o(.text)
    rcu_interrupt_flag_get                   0x08002a7d   Thumb Code    18  gd32f1x0_rcu.o(.text)
    rcu_interrupt_flag_clear                 0x08002a91   Thumb Code    16  gd32f1x0_rcu.o(.text)
    rcu_interrupt_enable                     0x08002aa1   Thumb Code    16  gd32f1x0_rcu.o(.text)
    rcu_interrupt_disable                    0x08002ab1   Thumb Code    18  gd32f1x0_rcu.o(.text)
    rcu_osci_stab_wait                       0x08002ac5   Thumb Code   312  gd32f1x0_rcu.o(.text)
    rcu_osci_on                              0x08002bfd   Thumb Code    30  gd32f1x0_rcu.o(.text)
    rcu_osci_off                             0x08002c1d   Thumb Code    32  gd32f1x0_rcu.o(.text)
    rcu_osci_bypass_mode_enable              0x08002c3d   Thumb Code    64  gd32f1x0_rcu.o(.text)
    rcu_osci_bypass_mode_disable             0x08002c7d   Thumb Code    64  gd32f1x0_rcu.o(.text)
    rcu_hxtal_clock_monitor_enable           0x08002cbd   Thumb Code    18  gd32f1x0_rcu.o(.text)
    rcu_hxtal_clock_monitor_disable          0x08002cd1   Thumb Code    18  gd32f1x0_rcu.o(.text)
    rcu_irc8m_adjust_value_set               0x08002ce5   Thumb Code    22  gd32f1x0_rcu.o(.text)
    rcu_irc14m_adjust_value_set              0x08002cfd   Thumb Code    22  gd32f1x0_rcu.o(.text)
    rcu_voltage_key_unlock                   0x08002d15   Thumb Code    30  gd32f1x0_rcu.o(.text)
    rcu_deepsleep_voltage_set                0x08002d35   Thumb Code    24  gd32f1x0_rcu.o(.text)
    rcu_power_down_voltage_set               0x08002d4d   Thumb Code    24  gd32f1x0_rcu.o(.text)
    rcu_clock_freq_get                       0x08002d65   Thumb Code   288  gd32f1x0_rcu.o(.text)
    timer_deinit                             0x08002e95   Thumb Code   194  gd32f1x0_timer.o(.text)
    timer_struct_para_init                   0x08002f59   Thumb Code    16  gd32f1x0_timer.o(.text)
    timer_init                               0x08002f69   Thumb Code   212  gd32f1x0_timer.o(.text)
    timer_enable                             0x0800303d   Thumb Code    10  gd32f1x0_timer.o(.text)
    timer_disable                            0x08003049   Thumb Code    10  gd32f1x0_timer.o(.text)
    timer_auto_reload_shadow_enable          0x08003055   Thumb Code    10  gd32f1x0_timer.o(.text)
    timer_auto_reload_shadow_disable         0x08003061   Thumb Code    10  gd32f1x0_timer.o(.text)
    timer_update_event_enable                0x0800306d   Thumb Code    10  gd32f1x0_timer.o(.text)
    timer_update_event_disable               0x08003079   Thumb Code    10  gd32f1x0_timer.o(.text)
    timer_counter_alignment                  0x08003085   Thumb Code    16  gd32f1x0_timer.o(.text)
    timer_counter_up_direction               0x08003095   Thumb Code    10  gd32f1x0_timer.o(.text)
    timer_counter_down_direction             0x080030a1   Thumb Code    10  gd32f1x0_timer.o(.text)
    timer_prescaler_config                   0x080030ad   Thumb Code    18  gd32f1x0_timer.o(.text)
    timer_repetition_value_config            0x080030c1   Thumb Code     4  gd32f1x0_timer.o(.text)
    timer_autoreload_value_config            0x080030c5   Thumb Code     4  gd32f1x0_timer.o(.text)
    timer_counter_value_config               0x080030c9   Thumb Code     4  gd32f1x0_timer.o(.text)
    timer_counter_read                       0x080030cd   Thumb Code     4  gd32f1x0_timer.o(.text)
    timer_prescaler_read                     0x080030d1   Thumb Code     6  gd32f1x0_timer.o(.text)
    timer_single_pulse_mode_config           0x080030d9   Thumb Code    30  gd32f1x0_timer.o(.text)
    timer_update_source_config               0x080030f9   Thumb Code    30  gd32f1x0_timer.o(.text)
    timer_ocpre_clear_source_config          0x08003119   Thumb Code    28  gd32f1x0_timer.o(.text)
    timer_interrupt_enable                   0x08003135   Thumb Code     8  gd32f1x0_timer.o(.text)
    timer_interrupt_disable                  0x0800313d   Thumb Code    10  gd32f1x0_timer.o(.text)
    timer_interrupt_flag_get                 0x08003149   Thumb Code    22  gd32f1x0_timer.o(.text)
    timer_interrupt_flag_clear               0x08003161   Thumb Code     6  gd32f1x0_timer.o(.text)
    timer_flag_get                           0x08003169   Thumb Code    10  gd32f1x0_timer.o(.text)
    timer_flag_clear                         0x08003175   Thumb Code     6  gd32f1x0_timer.o(.text)
    timer_dma_enable                         0x0800317d   Thumb Code     8  gd32f1x0_timer.o(.text)
    timer_dma_disable                        0x08003185   Thumb Code    10  gd32f1x0_timer.o(.text)
    timer_channel_dma_request_source_select  0x08003191   Thumb Code    30  gd32f1x0_timer.o(.text)
    timer_dma_transfer_config                0x080031b1   Thumb Code    24  gd32f1x0_timer.o(.text)
    timer_event_software_generate            0x080031c9   Thumb Code     8  gd32f1x0_timer.o(.text)
    timer_break_struct_para_init             0x080031d1   Thumb Code    16  gd32f1x0_timer.o(.text)
    timer_break_config                       0x080031e1   Thumb Code    36  gd32f1x0_timer.o(.text)
    timer_break_enable                       0x08003205   Thumb Code    10  gd32f1x0_timer.o(.text)
    timer_break_disable                      0x08003211   Thumb Code    10  gd32f1x0_timer.o(.text)
    timer_automatic_output_enable            0x0800321d   Thumb Code    10  gd32f1x0_timer.o(.text)
    timer_automatic_output_disable           0x08003229   Thumb Code    10  gd32f1x0_timer.o(.text)
    timer_primary_output_config              0x08003235   Thumb Code    18  gd32f1x0_timer.o(.text)
    timer_channel_control_shadow_config      0x08003249   Thumb Code    16  gd32f1x0_timer.o(.text)
    timer_channel_control_shadow_update_config 0x08003259   Thumb Code    30  gd32f1x0_timer.o(.text)
    timer_channel_output_struct_para_init    0x08003279   Thumb Code    12  gd32f1x0_timer.o(.text)
    timer_channel_output_config              0x08003285   Thumb Code   550  gd32f1x0_timer.o(.text)
    timer_channel_output_mode_config         0x080034ad   Thumb Code    56  gd32f1x0_timer.o(.text)
    timer_channel_output_pulse_value_config  0x080034e5   Thumb Code    16  gd32f1x0_timer.o(.text)
    timer_channel_output_shadow_config       0x080034f5   Thumb Code    56  gd32f1x0_timer.o(.text)
    timer_channel_output_fast_config         0x0800352d   Thumb Code    56  gd32f1x0_timer.o(.text)
    timer_channel_output_clear_config        0x08003565   Thumb Code    56  gd32f1x0_timer.o(.text)
    timer_channel_output_polarity_config     0x0800359d   Thumb Code    68  gd32f1x0_timer.o(.text)
    timer_channel_complementary_output_polarity_config 0x080035e1   Thumb Code    68  gd32f1x0_timer.o(.text)
    timer_channel_output_state_config        0x08003625   Thumb Code    68  gd32f1x0_timer.o(.text)
    timer_channel_complementary_output_state_config 0x08003669   Thumb Code    56  gd32f1x0_timer.o(.text)
    timer_channel_input_struct_para_init     0x080036a1   Thumb Code    12  gd32f1x0_timer.o(.text)
    timer_input_capture_config               0x080036ad   Thumb Code   344  gd32f1x0_timer.o(.text)
    timer_channel_input_capture_prescaler_config 0x08003805   Thumb Code    56  gd32f1x0_timer.o(.text)
    timer_channel_capture_value_register_read 0x0800383d   Thumb Code    18  gd32f1x0_timer.o(.text)
    timer_input_pwm_capture_config           0x08003851   Thumb Code   354  gd32f1x0_timer.o(.text)
    timer_hall_mode_config                   0x080039b5   Thumb Code    30  gd32f1x0_timer.o(.text)
    timer_input_trigger_source_select        0x080039d5   Thumb Code    16  gd32f1x0_timer.o(.text)
    timer_master_output_trigger_source_select 0x080039e5   Thumb Code    16  gd32f1x0_timer.o(.text)
    timer_slave_mode_select                  0x080039f5   Thumb Code    16  gd32f1x0_timer.o(.text)
    timer_master_slave_mode_config           0x08003a05   Thumb Code    30  gd32f1x0_timer.o(.text)
    timer_external_trigger_config            0x08003a25   Thumb Code    34  gd32f1x0_timer.o(.text)
    timer_quadrature_decoder_mode_config     0x08003a49   Thumb Code    78  gd32f1x0_timer.o(.text)
    timer_internal_clock_config              0x08003a99   Thumb Code    10  gd32f1x0_timer.o(.text)
    timer_internal_trigger_as_external_clock_config 0x08003aa5   Thumb Code    32  gd32f1x0_timer.o(.text)
    timer_external_trigger_as_external_clock_config 0x08003ac5   Thumb Code   152  gd32f1x0_timer.o(.text)
    timer_external_clock_mode0_config        0x08003b5d   Thumb Code    50  gd32f1x0_timer.o(.text)
    timer_external_clock_mode1_config        0x08003b91   Thumb Code    42  gd32f1x0_timer.o(.text)
    timer_external_clock_mode1_disable       0x08003bbd   Thumb Code    10  gd32f1x0_timer.o(.text)
    timer_channel_remap_config               0x08003bc9   Thumb Code     4  gd32f1x0_timer.o(.text)
    usart_deinit                             0x08003bcd   Thumb Code    54  gd32f1x0_usart.o(.text)
    usart_baudrate_set                       0x08003c05   Thumb Code    90  gd32f1x0_usart.o(.text)
    usart_parity_config                      0x08003c61   Thumb Code    24  gd32f1x0_usart.o(.text)
    usart_word_length_set                    0x08003c79   Thumb Code    24  gd32f1x0_usart.o(.text)
    usart_stop_bit_set                       0x08003c91   Thumb Code    24  gd32f1x0_usart.o(.text)
    usart_enable                             0x08003ca9   Thumb Code    10  gd32f1x0_usart.o(.text)
    usart_disable                            0x08003cb5   Thumb Code    10  gd32f1x0_usart.o(.text)
    usart_transmit_config                    0x08003cc1   Thumb Code    16  gd32f1x0_usart.o(.text)
    usart_receive_config                     0x08003cd1   Thumb Code    16  gd32f1x0_usart.o(.text)
    usart_data_transmit                      0x08003ce1   Thumb Code     8  gd32f1x0_usart.o(.text)
    usart_data_receive                       0x08003ce9   Thumb Code     8  gd32f1x0_usart.o(.text)
    usart_data_first_config                  0x08003cf1   Thumb Code    28  gd32f1x0_usart.o(.text)
    usart_invert_config                      0x08003d0d   Thumb Code   106  gd32f1x0_usart.o(.text)
    usart_overrun_enable                     0x08003d79   Thumb Code    18  gd32f1x0_usart.o(.text)
    usart_overrun_disable                    0x08003d8d   Thumb Code    18  gd32f1x0_usart.o(.text)
    usart_oversample_config                  0x08003da1   Thumb Code    24  gd32f1x0_usart.o(.text)
    usart_sample_bit_config                  0x08003db9   Thumb Code    24  gd32f1x0_usart.o(.text)
    usart_autobaud_detection_enable          0x08003dd1   Thumb Code    10  gd32f1x0_usart.o(.text)
    usart_autobaud_detection_disable         0x08003ddd   Thumb Code    10  gd32f1x0_usart.o(.text)
    usart_autobaud_detection_mode_config     0x08003de9   Thumb Code    16  gd32f1x0_usart.o(.text)
    usart_mute_mode_enable                   0x08003df9   Thumb Code    10  gd32f1x0_usart.o(.text)
    usart_mute_mode_disable                  0x08003e05   Thumb Code    10  gd32f1x0_usart.o(.text)
    usart_mute_mode_wakeup_config            0x08003e11   Thumb Code    24  gd32f1x0_usart.o(.text)
    usart_address_detection_mode_config      0x08003e29   Thumb Code    28  gd32f1x0_usart.o(.text)
    usart_address_config                     0x08003e45   Thumb Code    26  gd32f1x0_usart.o(.text)
    usart_receiver_timeout_enable            0x08003e61   Thumb Code    10  gd32f1x0_usart.o(.text)
    usart_receiver_timeout_disable           0x08003e6d   Thumb Code    10  gd32f1x0_usart.o(.text)
    usart_receiver_timeout_config            0x08003e79   Thumb Code    16  gd32f1x0_usart.o(.text)
    usart_lin_mode_enable                    0x08003e89   Thumb Code    18  gd32f1x0_usart.o(.text)
    usart_lin_mode_disable                   0x08003e9d   Thumb Code    18  gd32f1x0_usart.o(.text)
    usart_lin_break_detection_length_config  0x08003eb1   Thumb Code    20  gd32f1x0_usart.o(.text)
    usart_halfduplex_enable                  0x08003ec5   Thumb Code    18  gd32f1x0_usart.o(.text)
    usart_halfduplex_disable                 0x08003ed9   Thumb Code    18  gd32f1x0_usart.o(.text)
    usart_clock_enable                       0x08003eed   Thumb Code    18  gd32f1x0_usart.o(.text)
    usart_clock_disable                      0x08003f01   Thumb Code    18  gd32f1x0_usart.o(.text)
    usart_synchronous_clock_config           0x08003f15   Thumb Code    60  gd32f1x0_usart.o(.text)
    usart_smartcard_mode_enable              0x08003f51   Thumb Code    18  gd32f1x0_usart.o(.text)
    usart_smartcard_mode_disable             0x08003f65   Thumb Code    18  gd32f1x0_usart.o(.text)
    usart_smartcard_mode_nack_enable         0x08003f79   Thumb Code    18  gd32f1x0_usart.o(.text)
    usart_smartcard_mode_nack_disable        0x08003f8d   Thumb Code    18  gd32f1x0_usart.o(.text)
    usart_guard_time_config                  0x08003fa1   Thumb Code    28  gd32f1x0_usart.o(.text)
    usart_block_length_config                0x08003fbd   Thumb Code    18  gd32f1x0_usart.o(.text)
    usart_smartcard_autoretry_config         0x08003fd1   Thumb Code    30  gd32f1x0_usart.o(.text)
    usart_irda_mode_enable                   0x08003ff1   Thumb Code    18  gd32f1x0_usart.o(.text)
    usart_irda_mode_disable                  0x08004005   Thumb Code    18  gd32f1x0_usart.o(.text)
    usart_irda_lowpower_config               0x08004019   Thumb Code    20  gd32f1x0_usart.o(.text)
    usart_prescaler_config                   0x0800402d   Thumb Code    24  gd32f1x0_usart.o(.text)
    usart_hardware_flow_rts_config           0x08004045   Thumb Code    24  gd32f1x0_usart.o(.text)
    usart_hardware_flow_cts_config           0x0800405d   Thumb Code    24  gd32f1x0_usart.o(.text)
    usart_rs485_driver_enable                0x08004075   Thumb Code    18  gd32f1x0_usart.o(.text)
    usart_rs485_driver_disable               0x08004089   Thumb Code    18  gd32f1x0_usart.o(.text)
    usart_driver_assertime_config            0x0800409d   Thumb Code    30  gd32f1x0_usart.o(.text)
    usart_driver_deassertime_config          0x080040bd   Thumb Code    30  gd32f1x0_usart.o(.text)
    usart_depolarity_config                  0x080040dd   Thumb Code    28  gd32f1x0_usart.o(.text)
    usart_dma_receive_config                 0x080040f9   Thumb Code    16  gd32f1x0_usart.o(.text)
    usart_dma_transmit_config                0x08004109   Thumb Code    16  gd32f1x0_usart.o(.text)
    usart_reception_error_dma_disable        0x08004119   Thumb Code    18  gd32f1x0_usart.o(.text)
    usart_reception_error_dma_enable         0x0800412d   Thumb Code    18  gd32f1x0_usart.o(.text)
    usart_wakeup_enable                      0x08004141   Thumb Code    10  gd32f1x0_usart.o(.text)
    usart_wakeup_disable                     0x0800414d   Thumb Code    10  gd32f1x0_usart.o(.text)
    usart_wakeup_mode_config                 0x08004159   Thumb Code    28  gd32f1x0_usart.o(.text)
    usart_flag_get                           0x08004175   Thumb Code    16  gd32f1x0_usart.o(.text)
    usart_flag_clear                         0x08004185   Thumb Code    18  gd32f1x0_usart.o(.text)
    usart_interrupt_enable                   0x08004199   Thumb Code    24  gd32f1x0_usart.o(.text)
    usart_interrupt_disable                  0x080041b1   Thumb Code    26  gd32f1x0_usart.o(.text)
    usart_command_enable                     0x080041cd   Thumb Code     8  gd32f1x0_usart.o(.text)
    usart_interrupt_flag_get                 0x080041d5   Thumb Code    34  gd32f1x0_usart.o(.text)
    usart_interrupt_flag_clear               0x080041f9   Thumb Code    18  gd32f1x0_usart.o(.text)
    Reset_Handler                            0x0800420d   Thumb Code     8  startup_gd32f1x0.o(.text)
    ADC_CMP_IRQHandler                       0x08004227   Thumb Code     0  startup_gd32f1x0.o(.text)
    CAN0_RX0_IRQHandler                      0x08004227   Thumb Code     0  startup_gd32f1x0.o(.text)
    CAN0_RX1_IRQHandler                      0x08004227   Thumb Code     0  startup_gd32f1x0.o(.text)
    CAN0_SCE_IRQHandler                      0x08004227   Thumb Code     0  startup_gd32f1x0.o(.text)
    CAN0_TX_IRQHandler                       0x08004227   Thumb Code     0  startup_gd32f1x0.o(.text)
    CAN1_RX0_IRQHandler                      0x08004227   Thumb Code     0  startup_gd32f1x0.o(.text)
    CAN1_RX1_IRQHandler                      0x08004227   Thumb Code     0  startup_gd32f1x0.o(.text)
    CAN1_SCE_IRQHandler                      0x08004227   Thumb Code     0  startup_gd32f1x0.o(.text)
    CAN1_TX_IRQHandler                       0x08004227   Thumb Code     0  startup_gd32f1x0.o(.text)
    CEC_IRQHandler                           0x08004227   Thumb Code     0  startup_gd32f1x0.o(.text)
    DMA_Channel5_6_IRQHandler                0x08004227   Thumb Code     0  startup_gd32f1x0.o(.text)
    EXTI0_1_IRQHandler                       0x08004227   Thumb Code     0  startup_gd32f1x0.o(.text)
    EXTI2_3_IRQHandler                       0x08004227   Thumb Code     0  startup_gd32f1x0.o(.text)
    EXTI4_15_IRQHandler                      0x08004227   Thumb Code     0  startup_gd32f1x0.o(.text)
    FMC_IRQHandler                           0x08004227   Thumb Code     0  startup_gd32f1x0.o(.text)
    I2C0_ER_IRQHandler                       0x08004227   Thumb Code     0  startup_gd32f1x0.o(.text)
    I2C0_EV_IRQHandler                       0x08004227   Thumb Code     0  startup_gd32f1x0.o(.text)
    I2C1_ER_IRQHandler                       0x08004227   Thumb Code     0  startup_gd32f1x0.o(.text)
    I2C1_EV_IRQHandler                       0x08004227   Thumb Code     0  startup_gd32f1x0.o(.text)
    I2C2_ER_IRQHandler                       0x08004227   Thumb Code     0  startup_gd32f1x0.o(.text)
    I2C2_EV_IRQHandler                       0x08004227   Thumb Code     0  startup_gd32f1x0.o(.text)
    LVD_IRQHandler                           0x08004227   Thumb Code     0  startup_gd32f1x0.o(.text)
    RCU_IRQHandler                           0x08004227   Thumb Code     0  startup_gd32f1x0.o(.text)
    RTC_IRQHandler                           0x08004227   Thumb Code     0  startup_gd32f1x0.o(.text)
    SLCD_IRQHandler                          0x08004227   Thumb Code     0  startup_gd32f1x0.o(.text)
    SPI0_IRQHandler                          0x08004227   Thumb Code     0  startup_gd32f1x0.o(.text)
    SPI1_IRQHandler                          0x08004227   Thumb Code     0  startup_gd32f1x0.o(.text)
    SPI2_IRQHandler                          0x08004227   Thumb Code     0  startup_gd32f1x0.o(.text)
    TIMER0_Channel_IRQHandler                0x08004227   Thumb Code     0  startup_gd32f1x0.o(.text)
    TIMER14_IRQHandler                       0x08004227   Thumb Code     0  startup_gd32f1x0.o(.text)
    TIMER15_IRQHandler                       0x08004227   Thumb Code     0  startup_gd32f1x0.o(.text)
    TIMER16_IRQHandler                       0x08004227   Thumb Code     0  startup_gd32f1x0.o(.text)
    TIMER1_IRQHandler                        0x08004227   Thumb Code     0  startup_gd32f1x0.o(.text)
    TIMER2_IRQHandler                        0x08004227   Thumb Code     0  startup_gd32f1x0.o(.text)
    TIMER5_DAC_IRQHandler                    0x08004227   Thumb Code     0  startup_gd32f1x0.o(.text)
    TSI_IRQHandler                           0x08004227   Thumb Code     0  startup_gd32f1x0.o(.text)
    USART0_IRQHandler                        0x08004227   Thumb Code     0  startup_gd32f1x0.o(.text)
    USART1_IRQHandler                        0x08004227   Thumb Code     0  startup_gd32f1x0.o(.text)
    USBDWakeUp_IRQHandler                    0x08004227   Thumb Code     0  startup_gd32f1x0.o(.text)
    USBD_HP_IRQHandler                       0x08004227   Thumb Code     0  startup_gd32f1x0.o(.text)
    USBD_LP_IRQHandler                       0x08004227   Thumb Code     0  startup_gd32f1x0.o(.text)
    WWDGT_IRQHandler                         0x08004227   Thumb Code     0  startup_gd32f1x0.o(.text)
    SystemInit                               0x08004231   Thumb Code   188  system_gd32f1x0.o(.text)
    SystemCoreClockUpdate                    0x080042ed   Thumb Code   112  system_gd32f1x0.o(.text)
    __aeabi_fadd                             0x0800436d   Thumb Code   164  fadd.o(.text)
    __aeabi_fsub                             0x08004411   Thumb Code     6  fadd.o(.text)
    __aeabi_frsub                            0x08004417   Thumb Code     6  fadd.o(.text)
    __aeabi_fmul                             0x0800441d   Thumb Code   100  fmul.o(.text)
    __aeabi_fdiv                             0x08004481   Thumb Code   124  fdiv.o(.text)
    __aeabi_dadd                             0x080044fd   Thumb Code   322  dadd.o(.text)
    __aeabi_dsub                             0x0800463f   Thumb Code     6  dadd.o(.text)
    __aeabi_drsub                            0x08004645   Thumb Code     6  dadd.o(.text)
    __aeabi_dmul                             0x0800464b   Thumb Code   228  dmul.o(.text)
    __aeabi_ddiv                             0x0800472f   Thumb Code   222  ddiv.o(.text)
    __aeabi_fcmple                           0x0800480d   Thumb Code    28  fcmple.o(.text)
    __aeabi_fcmplt                           0x08004829   Thumb Code    28  fcmplt.o(.text)
    __aeabi_fcmpge                           0x08004845   Thumb Code    28  fcmpge.o(.text)
    __aeabi_fcmpgt                           0x08004861   Thumb Code    28  fcmpgt.o(.text)
    __aeabi_dcmple                           0x0800487d   Thumb Code    54  dcmple.o(.text)
    __aeabi_dcmplt                           0x080048b3   Thumb Code    54  dcmplt.o(.text)
    __aeabi_dcmpge                           0x080048e9   Thumb Code    54  dcmpge.o(.text)
    __aeabi_i2f                              0x0800491f   Thumb Code    18  fflti.o(.text)
    __aeabi_ui2f                             0x08004931   Thumb Code    10  ffltui.o(.text)
    __aeabi_i2d                              0x0800493b   Thumb Code    34  dflti.o(.text)
    __aeabi_ui2d                             0x0800495d   Thumb Code    26  dfltui.o(.text)
    __aeabi_f2iz                             0x08004977   Thumb Code    50  ffixi.o(.text)
    __aeabi_d2iz                             0x080049a9   Thumb Code    62  dfixi.o(.text)
    __aeabi_f2d                              0x080049e7   Thumb Code    38  f2d.o(.text)
    __aeabi_d2f                              0x08004a0d   Thumb Code    56  d2f.o(.text)
    __aeabi_llsl                             0x08004a45   Thumb Code    30  llshl.o(.text)
    _ll_shift_l                              0x08004a45   Thumb Code     0  llshl.o(.text)
    __aeabi_llsr                             0x08004a63   Thumb Code    32  llushr.o(.text)
    _ll_ushift_r                             0x08004a63   Thumb Code     0  llushr.o(.text)
    __aeabi_lasr                             0x08004a83   Thumb Code    36  llsshr.o(.text)
    _ll_sshift_r                             0x08004a83   Thumb Code     0  llsshr.o(.text)
    __I$use$fp                               0x08004aa7   Thumb Code     0  iusefp.o(.text)
    _float_round                             0x08004aa7   Thumb Code    18  fepilogue.o(.text)
    _float_epilogue                          0x08004ab9   Thumb Code    92  fepilogue.o(.text)
    _double_round                            0x08004b15   Thumb Code    30  depilogue.o(.text)
    _double_epilogue                         0x08004b33   Thumb Code   156  depilogue.o(.text)
    __scatterload                            0x08004bd1   Thumb Code    38  init.o(.text)
    __scatterload_rt2                        0x08004bd1   Thumb Code     0  init.o(.text)
    __scatterload_copy                       0x08004c01   Thumb Code    14  handlers.o(i.__scatterload_copy)
    __scatterload_null                       0x08004c0f   Thumb Code     2  handlers.o(i.__scatterload_null)
    __scatterload_zeroinit                   0x08004c11   Thumb Code    14  handlers.o(i.__scatterload_zeroinit)
    hall_to_pos                              0x08004c3e   Data           8  bldc.o(.rodata.hall_to_pos)
    lookUpTableAngle                         0x08004c48   Data         724  main.o(.rodata.lookUpTableAngle)
    Region$$Table$$Base                      0x08004f1c   Number         0  anon$$obj.o(Region$$Table)
    Region$$Table$$Limit                     0x08004f3c   Number         0  anon$$obj.o(Region$$Table)
    SystemCoreClock                          0x20000000   Data           4  system_gd32f1x0.o(.data.SystemCoreClock)
    batteryVoltage                           0x20000004   Data           4  bldc.o(.data.batteryVoltage)
    beepsBackwards                           0x20000008   Data           1  main.o(.data.beepsBackwards)
    currentDC                                0x2000000c   Data           4  bldc.o(.data.currentDC)
    offsetdc                                 0x20000012   Data           2  bldc.o(.data.offsetdc)
    speedLimit                               0x20000014   Data           2  main.o(.data.speedLimit)
    wState                                   0x20000016   Data           1  main.o(.data.wState)
    wStateSlave                              0x20000017   Data           1  main.o(.data.wStateSlave)
    adc_buffer                               0x20000128   Data           4  bldc.o(.bss.adc_buffer)
    beepsBackwardsMaster                     0x2000012c   Data           1  commsmasterslave.o(.bss.beepsBackwardsMaster)
    bldc_enable                              0x2000012d   Data           1  bldc.o(.bss.bldc_enable)
    bldc_inputFilterPwm                      0x2000012e   Data           2  bldc.o(.bss.bldc_inputFilterPwm)
    bldc_outputFilterPwm                     0x20000130   Data           2  bldc.o(.bss.bldc_outputFilterPwm)
    buzzerFreq                               0x20000132   Data           1  bldc.o(.bss.buzzerFreq)
    buzzerPattern                            0x20000133   Data           1  bldc.o(.bss.buzzerPattern)
    buzzerTimer                              0x20000134   Data           2  bldc.o(.bss.buzzerTimer)
    buzzerToggle                             0x20000136   Data           1  bldc.o(.bss.buzzerToggle)
    dma_init_struct_adc                      0x20000138   Data          36  setup.o(.bss.dma_init_struct_adc)
    dma_init_struct_usart                    0x2000015c   Data          36  setup.o(.bss.dma_init_struct_usart)
    enable                                   0x20000180   Data           1  main.o(.bss.enable)
    filter_reg                               0x20000184   Data           4  bldc.o(.bss.filter_reg)
    hall                                     0x20000188   Data           1  bldc.o(.bss.hall)
    hall_a                                   0x20000189   Data           1  bldc.o(.bss.hall_a)
    hall_b                                   0x2000018a   Data           1  bldc.o(.bss.hall_b)
    hall_c                                   0x2000018b   Data           1  bldc.o(.bss.hall_c)
    iAnswerMaster                            0x2000018c   Data           4  remoteuartbus.o(.bss.iAnswerMaster)
    iOdom                                    0x20000190   Data           4  bldc.o(.bss.iOdom)
    iRxDataSize                              0x20000196   Data           1  remoteuartbus.o(.bss.iRxDataSize)
    iRxDataType                              0x20000197   Data           1  remoteuartbus.o(.bss.iRxDataType)
    iTimeLastRx                              0x20000198   Data           4  remoteuartbus.o(.bss.iTimeLastRx)
    iTimeNextLoop                            0x2000019c   Data           4  main.o(.bss.iTimeNextLoop)
    inactivity_timeout_counter               0x200001a0   Data           4  main.o(.bss.inactivity_timeout_counter)
    lastPos                                  0x200001a4   Data           1  bldc.o(.bss.lastPos)
    msTicks                                  0x200001a8   Data           4  it.o(.bss.msTicks)
    oDataSlave                               0x200001ac   Data          16  main.o(.bss.oDataSlave)
    offsetcount                              0x200001bc   Data           2  bldc.o(.bss.offsetcount)
    pos                                      0x200001be   Data           1  bldc.o(.bss.pos)
    pwmSlave                                 0x200001c0   Data           2  main.o(.bss.pwmSlave)
    realSpeed                                0x200001c4   Data           4  bldc.o(.bss.realSpeed)
    speed                                    0x200001c8   Data           4  main.o(.bss.speed)
    speedCounter                             0x200001cc   Data           4  bldc.o(.bss.speedCounter)
    steer                                    0x200001d0   Data           4  main.o(.bss.steer)
    steerCounter                             0x200001d4   Data           4  main.o(.bss.steerCounter)
    timedOut                                 0x200001d8   Data           1  it.o(.bss.timedOut)
    timeoutCounter_ms                        0x200001dc   Data           4  it.o(.bss.timeoutCounter_ms)
    timeoutTimer_paramter_struct             0x200001e0   Data          16  setup.o(.bss.timeoutTimer_paramter_struct)
    timerBldc_break_parameter_struct         0x200001f0   Data          24  setup.o(.bss.timerBldc_break_parameter_struct)
    timerBldc_oc_parameter_struct            0x20000208   Data          16  setup.o(.bss.timerBldc_oc_parameter_struct)
    timerBldc_paramter_struct                0x20000218   Data          16  setup.o(.bss.timerBldc_paramter_struct)
    usart0_rx_buf                            0x20000228   Data           1  setup.o(.bss.usart0_rx_buf)
    usart1_rx_buf                            0x20000229   Data           1  setup.o(.bss.usart1_rx_buf)
    __initial_sp                             0x20000630   Data           0  startup_gd32f1x0.o(STACK)



==============================================================================

Memory Map of the image

  Image Entry point : 0x08000169

  Load Region LR_IROM1 (Base: 0x08000000, Size: 0x00004f58, Max: 0x00010000, ABSOLUTE)

    Execution Region ER_IROM1 (Exec base: 0x08000000, Load base: 0x08000000, Size: 0x00004f3c, Max: 0x00010000, ABSOLUTE)

    Exec Addr    Load Addr    Size         Type   Attr      Idx    E Section Name        Object

    0x08000000   0x08000000   0x00000168   Data   RO          116    RESET               startup_gd32f1x0.o
    0x08000168   0x08000168   0x00000000   Code   RO          121  * .ARM.Collect$$$$00000000  mc_w.l(entry.o)
    0x08000168   0x08000168   0x00000004   Code   RO          145    .ARM.Collect$$$$00000001  mc_w.l(entry2.o)
    0x0800016c   0x0800016c   0x00000004   Code   RO          148    .ARM.Collect$$$$00000004  mc_w.l(entry5.o)
    0x08000170   0x08000170   0x00000000   Code   RO          150    .ARM.Collect$$$$00000008  mc_w.l(entry7b.o)
    0x08000170   0x08000170   0x00000000   Code   RO          152    .ARM.Collect$$$$0000000A  mc_w.l(entry8b.o)
    0x08000170   0x08000170   0x00000008   Code   RO          153    .ARM.Collect$$$$0000000B  mc_w.l(entry9a.o)
    0x08000178   0x08000178   0x00000000   Code   RO          155    .ARM.Collect$$$$0000000D  mc_w.l(entry10a.o)
    0x08000178   0x08000178   0x00000000   Code   RO          157    .ARM.Collect$$$$0000000F  mc_w.l(entry11a.o)
    0x08000178   0x08000178   0x00000004   Code   RO          146    .ARM.Collect$$$$00002712  mc_w.l(entry2.o)
    0x0800017c   0x0800017c   0x00000696   Code   RO            1    .text               main.o
    0x08000812   0x08000812   0x00000002   PAD
    0x08000814   0x08000814   0x00000490   Code   RO           19    .text               bldc.o
    0x08000ca4   0x08000ca4   0x00000868   Code   RO           46    .text               setup.o
    0x0800150c   0x0800150c   0x00000142   Code   RO           56    .text               it.o
    0x0800164e   0x0800164e   0x00000002   PAD
    0x08001650   0x08001650   0x00000294   Code   RO           66    .text               remoteuartbus.o
    0x080018e4   0x080018e4   0x000001f0   Code   RO           74    .text               commsmasterslave.o
    0x08001ad4   0x08001ad4   0x000005a6   Code   RO           81    .text               gd32f1x0_adc.o
    0x0800207a   0x0800207a   0x00000002   PAD
    0x0800207c   0x0800207c   0x0000034c   Code   RO           85    .text               gd32f1x0_dma.o
    0x080023c8   0x080023c8   0x000000e2   Code   RO           87    .text               gd32f1x0_fwdgt.o
    0x080024aa   0x080024aa   0x00000002   PAD
    0x080024ac   0x080024ac   0x00000198   Code   RO           89    .text               gd32f1x0_gpio.o
    0x08002644   0x08002644   0x0000012c   Code   RO           94    .text               gd32f1x0_misc.o
    0x08002770   0x08002770   0x00000724   Code   RO          103    .text               gd32f1x0_rcu.o
    0x08002e94   0x08002e94   0x00000d38   Code   RO          108    .text               gd32f1x0_timer.o
    0x08003bcc   0x08003bcc   0x0000063e   Code   RO          110    .text               gd32f1x0_usart.o
    0x0800420a   0x0800420a   0x00000002   PAD
    0x0800420c   0x0800420c   0x00000024   Code   RO          117    .text               startup_gd32f1x0.o
    0x08004230   0x08004230   0x0000013c   Code   RO          118    .text               system_gd32f1x0.o
    0x0800436c   0x0800436c   0x000000b0   Code   RO          124    .text               mf_w.l(fadd.o)
    0x0800441c   0x0800441c   0x00000064   Code   RO          125    .text               mf_w.l(fmul.o)
    0x08004480   0x08004480   0x0000007c   Code   RO          126    .text               mf_w.l(fdiv.o)
    0x080044fc   0x080044fc   0x0000014e   Code   RO          127    .text               mf_w.l(dadd.o)
    0x0800464a   0x0800464a   0x000000e4   Code   RO          128    .text               mf_w.l(dmul.o)
    0x0800472e   0x0800472e   0x000000de   Code   RO          129    .text               mf_w.l(ddiv.o)
    0x0800480c   0x0800480c   0x0000001c   Code   RO          130    .text               mf_w.l(fcmple.o)
    0x08004828   0x08004828   0x0000001c   Code   RO          131    .text               mf_w.l(fcmplt.o)
    0x08004844   0x08004844   0x0000001c   Code   RO          132    .text               mf_w.l(fcmpge.o)
    0x08004860   0x08004860   0x0000001c   Code   RO          133    .text               mf_w.l(fcmpgt.o)
    0x0800487c   0x0800487c   0x00000036   Code   RO          134    .text               mf_w.l(dcmple.o)
    0x080048b2   0x080048b2   0x00000036   Code   RO          135    .text               mf_w.l(dcmplt.o)
    0x080048e8   0x080048e8   0x00000036   Code   RO          136    .text               mf_w.l(dcmpge.o)
    0x0800491e   0x0800491e   0x00000012   Code   RO          137    .text               mf_w.l(fflti.o)
    0x08004930   0x08004930   0x0000000a   Code   RO          138    .text               mf_w.l(ffltui.o)
    0x0800493a   0x0800493a   0x00000022   Code   RO          139    .text               mf_w.l(dflti.o)
    0x0800495c   0x0800495c   0x0000001a   Code   RO          140    .text               mf_w.l(dfltui.o)
    0x08004976   0x08004976   0x00000032   Code   RO          141    .text               mf_w.l(ffixi.o)
    0x080049a8   0x080049a8   0x0000003e   Code   RO          142    .text               mf_w.l(dfixi.o)
    0x080049e6   0x080049e6   0x00000026   Code   RO          143    .text               mf_w.l(f2d.o)
    0x08004a0c   0x08004a0c   0x00000038   Code   RO          144    .text               mf_w.l(d2f.o)
    0x08004a44   0x08004a44   0x0000001e   Code   RO          159    .text               mc_w.l(llshl.o)
    0x08004a62   0x08004a62   0x00000020   Code   RO          160    .text               mc_w.l(llushr.o)
    0x08004a82   0x08004a82   0x00000024   Code   RO          161    .text               mc_w.l(llsshr.o)
    0x08004aa6   0x08004aa6   0x00000000   Code   RO          162    .text               mc_w.l(iusefp.o)
    0x08004aa6   0x08004aa6   0x0000006e   Code   RO          163    .text               mf_w.l(fepilogue.o)
    0x08004b14   0x08004b14   0x000000ba   Code   RO          164    .text               mf_w.l(depilogue.o)
    0x08004bce   0x08004bce   0x00000002   PAD
    0x08004bd0   0x08004bd0   0x00000030   Code   RO          165    .text               mc_w.l(init.o)
    0x08004c00   0x08004c00   0x0000000e   Code   RO          168    i.__scatterload_copy  mc_w.l(handlers.o)
    0x08004c0e   0x08004c0e   0x00000002   Code   RO          169    i.__scatterload_null  mc_w.l(handlers.o)
    0x08004c10   0x08004c10   0x0000000e   Code   RO          170    i.__scatterload_zeroinit  mc_w.l(handlers.o)
    0x08004c1e   0x08004c1e   0x0000000c   Data   RO           36    .rodata..L__const.up_or_down.up_down  bldc.o
    0x08004c2a   0x08004c2a   0x0000000c   Data   RO           91    .rodata..Lswitch.table.gpio_deinit.1  gd32f1x0_gpio.o
    0x08004c36   0x08004c36   0x00000008   Data   RO          105    .rodata.cst8        gd32f1x0_rcu.o
    0x08004c3e   0x08004c3e   0x00000008   Data   RO           37    .rodata.hall_to_pos  bldc.o
    0x08004c46   0x08004c46   0x00000002   PAD
    0x08004c48   0x08004c48   0x000002d4   Data   RO           13    .rodata.lookUpTableAngle  main.o
    0x08004f1c   0x08004f1c   0x00000020   Data   RO          167    Region$$Table       anon$$obj.o


    Execution Region RW_IRAM1 (Exec base: 0x20000000, Load base: 0x08004f40, Size: 0x00000630, Max: 0x00002000, ABSOLUTE)

    Exec Addr    Load Addr    Size         Type   Attr      Idx    E Section Name        Object

    0x20000000   0x08004f40   0x00000004   Data   RW          120    .data.SystemCoreClock  system_gd32f1x0.o
    0x20000004   0x08004f44   0x00000004   Data   RW           22    .data.batteryVoltage  bldc.o
    0x20000008   0x08004f48   0x00000001   Data   RW           10    .data.beepsBackwards  main.o
    0x20000009   0x08004f49   0x00000003   PAD
    0x2000000c   0x08004f4c   0x00000004   Data   RW           23    .data.currentDC     bldc.o
    0x20000010   0x08004f50   0x00000002   Data   RW           78    .data.iReceivePos   commsmasterslave.o
    0x20000012   0x08004f52   0x00000002   Data   RW           30    .data.offsetdc      bldc.o
    0x20000014   0x08004f54   0x00000002   Data   RW            5    .data.speedLimit    main.o
    0x20000016   0x08004f56   0x00000001   Data   RW            6    .data.wState        main.o
    0x20000017   0x08004f57   0x00000001   Data   RW            7    .data.wStateSlave   main.o
    0x20000018        -       0x000000ff   Zero   RW           71    .bss.aReceiveBuffer  remoteuartbus.o
    0x20000117        -       0x00000010   Zero   RW           79    .bss.aReceiveBuffer  commsmasterslave.o
    0x20000127   0x08004f58   0x00000001   PAD
    0x20000128        -       0x00000004   Zero   RW           38    .bss.adc_buffer     bldc.o
    0x2000012c        -       0x00000001   Zero   RW           77    .bss.beepsBackwardsMaster  commsmasterslave.o
    0x2000012d        -       0x00000001   Zero   RW           26    .bss.bldc_enable    bldc.o
    0x2000012e        -       0x00000002   Zero   RW           25    .bss.bldc_inputFilterPwm  bldc.o
    0x20000130        -       0x00000002   Zero   RW           27    .bss.bldc_outputFilterPwm  bldc.o
    0x20000132        -       0x00000001   Zero   RW           33    .bss.buzzerFreq     bldc.o
    0x20000133        -       0x00000001   Zero   RW           34    .bss.buzzerPattern  bldc.o
    0x20000134        -       0x00000002   Zero   RW           28    .bss.buzzerTimer    bldc.o
    0x20000136        -       0x00000001   Zero   RW           32    .bss.buzzerToggle   bldc.o
    0x20000137   0x08004f58   0x00000001   PAD
    0x20000138        -       0x00000024   Zero   RW           52    .bss.dma_init_struct_adc  setup.o
    0x2000015c        -       0x00000024   Zero   RW           53    .bss.dma_init_struct_usart  setup.o
    0x20000180        -       0x00000001   Zero   RW           14    .bss.enable         main.o
    0x20000181   0x08004f58   0x00000003   PAD
    0x20000184        -       0x00000004   Zero   RW           44    .bss.filter_reg     bldc.o
    0x20000188        -       0x00000001   Zero   RW           42    .bss.hall           bldc.o
    0x20000189        -       0x00000001   Zero   RW           39    .bss.hall_a         bldc.o
    0x2000018a        -       0x00000001   Zero   RW           40    .bss.hall_b         bldc.o
    0x2000018b        -       0x00000001   Zero   RW           41    .bss.hall_c         bldc.o
    0x2000018c        -       0x00000004   Zero   RW           69    .bss.iAnswerMaster  remoteuartbus.o
    0x20000190        -       0x00000004   Zero   RW           35    .bss.iOdom          bldc.o
    0x20000194        -       0x00000002   Zero   RW           70    .bss.iReceivePos    remoteuartbus.o
    0x20000196        -       0x00000001   Zero   RW           73    .bss.iRxDataSize    remoteuartbus.o
    0x20000197        -       0x00000001   Zero   RW           72    .bss.iRxDataType    remoteuartbus.o
    0x20000198        -       0x00000004   Zero   RW           68    .bss.iTimeLastRx    remoteuartbus.o
    0x2000019c        -       0x00000004   Zero   RW           16    .bss.iTimeNextLoop  main.o
    0x200001a0        -       0x00000004   Zero   RW           12    .bss.inactivity_timeout_counter  main.o
    0x200001a4        -       0x00000001   Zero   RW           45    .bss.lastPos        bldc.o
    0x200001a5   0x08004f58   0x00000003   PAD
    0x200001a8        -       0x00000004   Zero   RW           60    .bss.msTicks        it.o
    0x200001ac        -       0x00000010   Zero   RW           17    .bss.oDataSlave     main.o
    0x200001bc        -       0x00000002   Zero   RW           29    .bss.offsetcount    bldc.o
    0x200001be        -       0x00000001   Zero   RW           43    .bss.pos            bldc.o
    0x200001bf   0x08004f58   0x00000001   PAD
    0x200001c0        -       0x00000002   Zero   RW           15    .bss.pwmSlave       main.o
    0x200001c2   0x08004f58   0x00000002   PAD
    0x200001c4        -       0x00000004   Zero   RW           24    .bss.realSpeed      bldc.o
    0x200001c8        -       0x00000004   Zero   RW            4    .bss.speed          main.o
    0x200001cc        -       0x00000004   Zero   RW           31    .bss.speedCounter   bldc.o
    0x200001d0        -       0x00000004   Zero   RW            8    .bss.steer          main.o
    0x200001d4        -       0x00000004   Zero   RW            3    .bss.steerCounter   main.o
    0x200001d8        -       0x00000001   Zero   RW           59    .bss.timedOut       it.o
    0x200001d9   0x08004f58   0x00000003   PAD
    0x200001dc        -       0x00000004   Zero   RW           58    .bss.timeoutCounter_ms  it.o
    0x200001e0        -       0x00000010   Zero   RW           48    .bss.timeoutTimer_paramter_struct  setup.o
    0x200001f0        -       0x00000018   Zero   RW           51    .bss.timerBldc_break_parameter_struct  setup.o
    0x20000208        -       0x00000010   Zero   RW           50    .bss.timerBldc_oc_parameter_struct  setup.o
    0x20000218        -       0x00000010   Zero   RW           49    .bss.timerBldc_paramter_struct  setup.o
    0x20000228        -       0x00000001   Zero   RW           55    .bss.usart0_rx_buf  setup.o
    0x20000229        -       0x00000001   Zero   RW           54    .bss.usart1_rx_buf  setup.o
    0x2000022a   0x08004f58   0x00000006   PAD
    0x20000230        -       0x00000400   Zero   RW          114    STACK               startup_gd32f1x0.o


==============================================================================

Image component sizes


      Code (inc. data)   RO Data    RW Data    ZI Data      Debug   Object Name

      1168          6         20         10         38          0   bldc.o
       496          0          0          2         17          0   commsmasterslave.o
      1446         16          0          0          0          0   gd32f1x0_adc.o
       844          8          0          0          0          0   gd32f1x0_dma.o
       226          0          0          0          0          0   gd32f1x0_fwdgt.o
       408          0         12          0          0          0   gd32f1x0_gpio.o
       300          0          0          0          0          0   gd32f1x0_misc.o
      1828         34          8          0          0          0   gd32f1x0_rcu.o
      3384         44          0          0          0          0   gd32f1x0_timer.o
      1598          8          0          0          0          0   gd32f1x0_usart.o
       322          0          0          0          9          0   it.o
      1686          0        724          5         39          0   main.o
       660          0          0          0        267          0   remoteuartbus.o
      2152          0          0          0        146          0   setup.o
        36          8        360          0       1024          0   startup_gd32f1x0.o
       316         16          0          4          0          0   system_gd32f1x0.o

    ----------------------------------------------------------------------
     16880        140       1158         24       1560          0   Object Totals
         0          0         32          0          0          0   (incl. Generated)
        10          0          2          3         20          0   (incl. Padding)

    ----------------------------------------------------------------------

      Code (inc. data)   RO Data    RW Data    ZI Data      Debug   Library Member Name

         0          0          0          0          0          0   entry.o
         0          0          0          0          0          0   entry10a.o
         0          0          0          0          0          0   entry11a.o
         8          4          0          0          0          0   entry2.o
         4          0          0          0          0          0   entry5.o
         0          0          0          0          0          0   entry7b.o
         0          0          0          0          0          0   entry8b.o
         8          4          0          0          0          0   entry9a.o
        30          0          0          0          0          0   handlers.o
        48         10          0          0          0          0   init.o
         0          0          0          0          0          0   iusefp.o
        30          0          0          0          0          0   llshl.o
        36          0          0          0          0          0   llsshr.o
        32          0          0          0          0          0   llushr.o
        56          0          0          0          0          0   d2f.o
       334          0          0          0          0          0   dadd.o
        54          0          0          0          0          0   dcmpge.o
        54          0          0          0          0          0   dcmple.o
        54          0          0          0          0          0   dcmplt.o
       222          0          0          0          0          0   ddiv.o
       186          0          0          0          0          0   depilogue.o
        62          0          0          0          0          0   dfixi.o
        34          0          0          0          0          0   dflti.o
        26          0          0          0          0          0   dfltui.o
       228          0          0          0          0          0   dmul.o
        38          0          0          0          0          0   f2d.o
       176          0          0          0          0          0   fadd.o
        28          0          0          0          0          0   fcmpge.o
        28          0          0          0          0          0   fcmpgt.o
        28          0          0          0          0          0   fcmple.o
        28          0          0          0          0          0   fcmplt.o
       124          0          0          0          0          0   fdiv.o
       110          0          0          0          0          0   fepilogue.o
        50          0          0          0          0          0   ffixi.o
        18          0          0          0          0          0   fflti.o
        10          0          0          0          0          0   ffltui.o
       100          0          0          0          0          0   fmul.o

    ----------------------------------------------------------------------
      2246         18          0          0          0          0   Library Totals
         2          0          0          0          0          0   (incl. Padding)

    ----------------------------------------------------------------------

      Code (inc. data)   RO Data    RW Data    ZI Data      Debug   Library Name

       196         18          0          0          0          0   mc_w.l
      2048          0          0          0          0          0   mf_w.l

    ----------------------------------------------------------------------
      2246         18          0          0          0          0   Library Totals

    ----------------------------------------------------------------------

==============================================================================


      Code (inc. data)   RO Data    RW Data    ZI Data      Debug   

     19126        158       1158         24       1560          0   Grand Totals
     19126        158       1158         24       1560          0   ELF Image Totals
     19126        158       1158         24          0          0   ROM Totals

==============================================================================

    Total RO  Size (Code + RO Data)                20284 (  19.81kB)
    Total RW  Size (RW Data + ZI Data)              1584 (   1.55kB)
    Total ROM Size (Code + RO Data + RW Data)      20308 (  19.83kB)

==============================================================================

